log2c=5 log2g=-7 rate=88.7519
log2c=-1 log2g=-7 rate=87.7124
log2c=5 log2g=-1 rate=88.005
log2c=-1 log2g=-1 rate=88.5092
log2c=11 log2g=-7 rate=88.8578
log2c=11 log2g=-1 rate=88.005
log2c=5 log2g=-13 rate=86.6293
log2c=-1 log2g=-13 rate=85.8139
log2c=11 log2g=-13 rate=87.7809
log2c=-3 log2g=-7 rate=86.5484
log2c=-3 log2g=-1 rate=87.2891
log2c=-3 log2g=-13 rate=74.5969
log2c=5 log2g=1 rate=87.5755
log2c=-1 log2g=1 rate=87.2144
log2c=11 log2g=1 rate=87.5755
log2c=-3 log2g=1 rate=85.6396
log2c=9 log2g=-7 rate=88.9262
log2c=9 log2g=-1 rate=88.005
log2c=9 log2g=-13 rate=87.6626
log2c=9 log2g=1 rate=87.5755
log2c=5 log2g=-11 rate=87.6688
log2c=-1 log2g=-11 rate=85.5275
log2c=11 log2g=-11 rate=88.6835
log2c=-3 log2g=-11 rate=85.8263
log2c=9 log2g=-11 rate=88.254
log2c=3 log2g=-7 rate=88.6461
log2c=3 log2g=-1 rate=88.061
log2c=3 log2g=-13 rate=85.9757
log2c=3 log2g=1 rate=87.5755
log2c=3 log2g=-11 rate=86.6978
log2c=5 log2g=-5 rate=88.9636
log2c=-1 log2g=-5 rate=88.4905
log2c=11 log2g=-5 rate=88.727
log2c=-3 log2g=-5 rate=88.0486
log2c=9 log2g=-5 rate=88.7706
log2c=3 log2g=-5 rate=88.9262
