log2c=5 log2g=-7 rate=88.5403
log2c=-1 log2g=-7 rate=86.6604
log2c=5 log2g=-1 rate=88.5777
log2c=-1 log2g=-1 rate=88.8453
log2c=11 log2g=-7 rate=88.808
log2c=11 log2g=-1 rate=88.4096
log2c=5 log2g=-13 rate=86.3928
log2c=-1 log2g=-13 rate=74.8522
log2c=11 log2g=-13 rate=87.5817
log2c=-3 log2g=-7 rate=85.4902
log2c=-3 log2g=-1 rate=88.6026
log2c=-3 log2g=-13 rate=74.5969
log2c=5 log2g=1 rate=87.8992
log2c=-1 log2g=1 rate=87.7871
log2c=11 log2g=1 rate=87.8992
log2c=-3 log2g=1 rate=86.6293
log2c=9 log2g=-7 rate=88.808
log2c=9 log2g=-1 rate=88.4096
log2c=9 log2g=-13 rate=86.7102
log2c=9 log2g=1 rate=87.8992
log2c=5 log2g=-11 rate=86.6978
log2c=-1 log2g=-11 rate=85.652
log2c=11 log2g=-11 rate=88.1357
log2c=-3 log2g=-11 rate=74.8522
log2c=9 log2g=-11 rate=87.6253
log2c=3 log2g=-7 rate=88.1606
log2c=3 log2g=-1 rate=88.9387
log2c=3 log2g=-13 rate=85.4279
log2c=3 log2g=1 rate=87.8992
log2c=3 log2g=-11 rate=86.399
log2c=5 log2g=-5 rate=88.8827
log2c=-1 log2g=-5 rate=88.0672
log2c=11 log2g=-5 rate=88.7395
log2c=-3 log2g=-5 rate=87.5319
log2c=9 log2g=-5 rate=88.808
log2c=3 log2g=-5 rate=88.7021
log2c=15 log2g=-7 rate=88.6959
log2c=15 log2g=-1 rate=88.4096
log2c=15 log2g=-13 rate=88.1606
log2c=15 log2g=1 rate=87.8992
log2c=15 log2g=-11 rate=88.7146
log2c=15 log2g=-5 rate=88.5279
log2c=5 log2g=-15 rate=85.4093
log2c=-1 log2g=-15 rate=74.5969
log2c=11 log2g=-15 rate=86.6853
log2c=-3 log2g=-15 rate=74.5969
log2c=9 log2g=-15 rate=86.592
log2c=3 log2g=-15 rate=85.652
log2c=15 log2g=-15 rate=86.9592
log2c=-5 log2g=-7 rate=85.6769
log2c=-5 log2g=-1 rate=87.3265
log2c=-5 log2g=-13 rate=74.5969
log2c=-5 log2g=1 rate=83.4174
log2c=-5 log2g=-11 rate=74.5969
log2c=-5 log2g=-5 rate=86.0131
log2c=-5 log2g=-15 rate=74.5969
log2c=5 log2g=3 rate=87.4634
log2c=-1 log2g=3 rate=86.9904
log2c=11 log2g=3 rate=87.4634
log2c=-3 log2g=3 rate=85.3221
log2c=9 log2g=3 rate=87.4634
log2c=3 log2g=3 rate=87.4634
log2c=15 log2g=3 rate=87.4634
log2c=-5 log2g=3 rate=82.1786
log2c=7 log2g=-7 rate=88.6897
log2c=7 log2g=-1 rate=88.4096
log2c=7 log2g=-13 rate=86.5982
log2c=7 log2g=1 rate=87.8992
log2c=7 log2g=-11 rate=87.5692
log2c=7 log2g=-5 rate=88.8951
log2c=7 log2g=-15 rate=86.3928
log2c=7 log2g=3 rate=87.4634
log2c=5 log2g=-9 rate=87.6253
log2c=-1 log2g=-9 rate=85.4653
log2c=11 log2g=-9 rate=88.7084
log2c=-3 log2g=-9 rate=85.6583
log2c=9 log2g=-9 rate=88.5154
log2c=3 log2g=-9 rate=87.5132
log2c=15 log2g=-9 rate=88.8142
log2c=-5 log2g=-9 rate=74.7899
log2c=7 log2g=-9 rate=88.1481
log2c=1 log2g=-7 rate=87.5755
log2c=1 log2g=-1 rate=89.2624
log2c=1 log2g=-13 rate=85.652
log2c=1 log2g=1 rate=88.0735
log2c=1 log2g=-11 rate=85.4466
log2c=1 log2g=-5 rate=88.4283
log2c=1 log2g=-15 rate=74.8584
log2c=1 log2g=3 rate=87.4634
log2c=1 log2g=-9 rate=86.4115
log2c=5 log2g=-3 rate=88.8329
log2c=-1 log2g=-3 rate=88.7208
log2c=11 log2g=-3 rate=88.4656
log2c=-3 log2g=-3 rate=88.31
log2c=9 log2g=-3 rate=88.6212
log2c=3 log2g=-3 rate=88.92
log2c=15 log2g=-3 rate=88.3224
log2c=-5 log2g=-3 rate=87.7747
log2c=7 log2g=-3 rate=88.9511
log2c=1 log2g=-3 rate=88.864
log2c=13 log2g=-7 rate=88.8453
log2c=13 log2g=-1 rate=88.4096
log2c=13 log2g=-13 rate=87.6688
log2c=13 log2g=1 rate=87.8992
log2c=13 log2g=-11 rate=88.6212
log2c=13 log2g=-5 rate=88.6026
log2c=13 log2g=-15 rate=87.2767
log2c=13 log2g=3 rate=87.4634
log2c=13 log2g=-9 rate=88.7395
log2c=13 log2g=-3 rate=88.3598
