log2c=5 log2g=-7 rate=86.3866
log2c=-1 log2g=-7 rate=83.0999
log2c=5 log2g=-1 rate=86.7663
log2c=-1 log2g=-1 rate=86.6293
log2c=11 log2g=-7 rate=86.4737
log2c=11 log2g=-1 rate=86.6106
log2c=5 log2g=-13 rate=82.9941
log2c=-1 log2g=-13 rate=74.5969
log2c=11 log2g=-13 rate=83.3613
log2c=-3 log2g=-7 rate=82.9941
log2c=-3 log2g=-1 rate=85.9384
log2c=-3 log2g=-13 rate=74.5969
log2c=5 log2g=1 rate=86.3492
log2c=-1 log2g=1 rate=86.287
log2c=11 log2g=1 rate=86.3492
log2c=-3 log2g=1 rate=84.7868
log2c=9 log2g=-7 rate=86.4924
log2c=9 log2g=-1 rate=86.6106
log2c=9 log2g=-13 rate=83.0252
log2c=9 log2g=1 rate=86.3492
log2c=5 log2g=-11 rate=82.9941
log2c=-1 log2g=-11 rate=83.2306
log2c=11 log2g=-11 rate=85.8077
log2c=-3 log2g=-11 rate=74.5969
log2c=9 log2g=-11 rate=84.8864
log2c=3 log2g=-7 rate=85.7579
log2c=3 log2g=-1 rate=87.0277
log2c=3 log2g=-13 rate=82.9941
log2c=3 log2g=1 rate=86.3492
log2c=3 log2g=-11 rate=82.9941
log2c=5 log2g=-5 rate=86.6169
log2c=-1 log2g=-5 rate=85.6645
log2c=11 log2g=-5 rate=86.6169
log2c=-3 log2g=-5 rate=84.5316
log2c=9 log2g=-5 rate=86.5422
log2c=3 log2g=-5 rate=86.5173
log2c=15 log2g=-7 rate=86.5297
log2c=15 log2g=-1 rate=86.6106
log2c=15 log2g=-13 rate=85.9259
log2c=15 log2g=1 rate=86.3492
log2c=15 log2g=-11 rate=86.5857
log2c=15 log2g=-5 rate=86.7476
log2c=5 log2g=-15 rate=82.9941
log2c=-1 log2g=-15 rate=74.5969
log2c=11 log2g=-15 rate=83.019
log2c=-3 log2g=-15 rate=74.5969
log2c=9 log2g=-15 rate=82.9941
log2c=3 log2g=-15 rate=83.2306
log2c=15 log2g=-15 rate=84.432
log2c=-5 log2g=-7 rate=83.2991
log2c=-5 log2g=-1 rate=84.1208
log2c=-5 log2g=-13 rate=74.5969
log2c=-5 log2g=1 rate=81.6807
log2c=-5 log2g=-11 rate=74.5969
log2c=-5 log2g=-5 rate=83.0812
log2c=-5 log2g=-15 rate=74.5969
log2c=5 log2g=3 rate=86.0691
log2c=-1 log2g=3 rate=85.6209
log2c=11 log2g=3 rate=86.0691
log2c=-3 log2g=3 rate=84.432
log2c=9 log2g=3 rate=86.0691
log2c=3 log2g=3 rate=86.0691
log2c=15 log2g=3 rate=86.0691
log2c=-5 log2g=3 rate=81.1951
log2c=7 log2g=-7 rate=86.4675
log2c=7 log2g=-1 rate=86.6231
log2c=7 log2g=-13 rate=82.9941
log2c=7 log2g=1 rate=86.3492
log2c=7 log2g=-11 rate=83.3178
log2c=7 log2g=-5 rate=86.6355
log2c=7 log2g=-15 rate=82.9941
log2c=7 log2g=3 rate=86.0691
log2c=5 log2g=-9 rate=84.8802
log2c=-1 log2g=-9 rate=82.9941
log2c=11 log2g=-9 rate=86.4488
log2c=-3 log2g=-9 rate=83.2306
log2c=9 log2g=-9 rate=86.3928
log2c=3 log2g=-9 rate=83.1871
log2c=15 log2g=-9 rate=86.4799
log2c=-5 log2g=-9 rate=74.5969
log2c=7 log2g=-9 rate=85.845
log2c=1 log2g=-7 rate=84.8304
log2c=1 log2g=-1 rate=87.1273
log2c=1 log2g=-13 rate=83.2306
log2c=1 log2g=1 rate=86.4737
log2c=1 log2g=-11 rate=82.9941
log2c=1 log2g=-5 rate=86.3866
log2c=1 log2g=-15 rate=74.5969
log2c=1 log2g=3 rate=86.0691
log2c=1 log2g=-9 rate=82.9941
log2c=5 log2g=-3 rate=86.6916
log2c=-1 log2g=-3 rate=86.4862
log2c=11 log2g=-3 rate=86.6604
log2c=-3 log2g=-3 rate=86.15
log2c=9 log2g=-3 rate=86.9032
log2c=3 log2g=-3 rate=86.6729
log2c=15 log2g=-3 rate=86.4986
log2c=-5 log2g=-3 rate=85.1478
log2c=7 log2g=-3 rate=87.1833
log2c=1 log2g=-3 rate=86.6293
log2c=13 log2g=-7 rate=86.4986
log2c=13 log2g=-1 rate=86.6106
log2c=13 log2g=-13 rate=84.8553
log2c=13 log2g=1 rate=86.3492
log2c=13 log2g=-11 rate=86.4364
log2c=13 log2g=-5 rate=86.6916
log2c=13 log2g=-15 rate=83.2431
log2c=13 log2g=3 rate=86.0691
log2c=13 log2g=-9 rate=86.5235
log2c=13 log2g=-3 rate=86.5422
