log2c=5 log2g=-7 rate=82.409
log2c=-1 log2g=-7 rate=74.8273
log2c=5 log2g=-1 rate=86.0878
log2c=-1 log2g=-1 rate=83.9651
log2c=11 log2g=-7 rate=82.9194
log2c=11 log2g=-1 rate=87.5444
log2c=5 log2g=-13 rate=74.5845
log2c=-1 log2g=-13 rate=74.5969
log2c=11 log2g=-13 rate=82.3405
log2c=-3 log2g=-7 rate=74.6032
log2c=-3 log2g=-1 rate=82.9381
log2c=-3 log2g=-13 rate=74.5969
log2c=5 log2g=1 rate=87.949
log2c=-1 log2g=1 rate=86.7974
log2c=11 log2g=1 rate=87.8307
log2c=-3 log2g=1 rate=85.0731
log2c=9 log2g=-7 rate=82.8073
log2c=9 log2g=-1 rate=87.5568
log2c=9 log2g=-13 rate=82.3467
log2c=9 log2g=1 rate=87.9303
log2c=5 log2g=-11 rate=82.2969
log2c=-1 log2g=-11 rate=74.5969
log2c=11 log2g=-11 rate=82.3778
log2c=-3 log2g=-11 rate=74.5969
log2c=9 log2g=-11 rate=82.328
log2c=3 log2g=-7 rate=82.3529
log2c=3 log2g=-1 rate=85.5649
log2c=3 log2g=-13 rate=74.5969
log2c=3 log2g=1 rate=88.1357
log2c=3 log2g=-11 rate=74.5845
log2c=5 log2g=-5 rate=82.8447
log2c=-1 log2g=-5 rate=82.4027
log2c=11 log2g=-5 rate=84.3262
log2c=-3 log2g=-5 rate=76.427
log2c=9 log2g=-5 rate=83.9029
log2c=3 log2g=-5 rate=82.6019
log2c=15 log2g=-7 rate=83.9651
log2c=15 log2g=-1 rate=87.2829
log2c=15 log2g=-13 rate=82.2284
log2c=15 log2g=1 rate=87.3638
log2c=15 log2g=-11 rate=82.5335
log2c=15 log2g=-5 rate=84.9984
log2c=5 log2g=-15 rate=74.5969
log2c=-1 log2g=-15 rate=74.5969
log2c=11 log2g=-15 rate=82.328
log2c=-3 log2g=-15 rate=74.5969
log2c=9 log2g=-15 rate=82.3031
log2c=3 log2g=-15 rate=74.5969
log2c=15 log2g=-15 rate=82.3031
log2c=-5 log2g=-7 rate=74.5969
log2c=-5 log2g=-1 rate=82.8136
log2c=-5 log2g=-13 rate=74.5969
log2c=-5 log2g=1 rate=83.2182
log2c=-5 log2g=-11 rate=74.5969
log2c=-5 log2g=-5 rate=74.5969
log2c=-5 log2g=-15 rate=74.5969
log2c=5 log2g=3 rate=88.5216
log2c=-1 log2g=3 rate=87.9365
log2c=11 log2g=3 rate=88.1481
log2c=-3 log2g=3 rate=86.3617
log2c=9 log2g=3 rate=88.2353
log2c=3 log2g=3 rate=88.6026
log2c=15 log2g=3 rate=87.812
log2c=-5 log2g=3 rate=84.9922
log2c=7 log2g=-7 rate=82.5521
log2c=7 log2g=-1 rate=87.0464
log2c=7 log2g=-13 rate=82.3094
log2c=7 log2g=1 rate=87.8494
log2c=7 log2g=-11 rate=82.328
log2c=7 log2g=-5 rate=83.0875
log2c=7 log2g=-15 rate=74.5907
log2c=7 log2g=3 rate=88.4283
log2c=5 log2g=-9 rate=82.328
log2c=-1 log2g=-9 rate=74.6032
log2c=11 log2g=-9 rate=82.4774
log2c=-3 log2g=-9 rate=74.5969
log2c=9 log2g=-9 rate=82.3467
log2c=3 log2g=-9 rate=82.3094
log2c=15 log2g=-9 rate=82.6891
log2c=-5 log2g=-9 rate=74.5969
log2c=7 log2g=-9 rate=82.3343
log2c=1 log2g=-7 rate=82.2845
log2c=1 log2g=-1 rate=84.3324
log2c=1 log2g=-13 rate=74.5969
log2c=1 log2g=1 rate=87.5257
log2c=1 log2g=-11 rate=74.6032
log2c=1 log2g=-5 rate=82.465
log2c=1 log2g=-15 rate=74.5969
log2c=1 log2g=3 rate=88.6772
log2c=1 log2g=-9 rate=74.5783
log2c=5 log2g=-3 rate=84.1581
log2c=-1 log2g=-3 rate=82.6331
log2c=11 log2g=-3 rate=85.347
log2c=-3 log2g=-3 rate=82.465
log2c=9 log2g=-3 rate=84.9237
log2c=3 log2g=-3 rate=83.5668
log2c=15 log2g=-3 rate=87.0277
log2c=-5 log2g=-3 rate=79.3464
log2c=7 log2g=-3 rate=84.7744
log2c=1 log2g=-3 rate=83.0626
log2c=13 log2g=-7 rate=83.7597
log2c=13 log2g=-1 rate=87.619
log2c=13 log2g=-13 rate=82.5023
log2c=13 log2g=1 rate=87.7373
log2c=13 log2g=-11 rate=82.4712
log2c=13 log2g=-5 rate=84.793
log2c=13 log2g=-15 rate=82.3778
log2c=13 log2g=3 rate=87.9988
log2c=13 log2g=-9 rate=82.7264
log2c=13 log2g=-3 rate=86.2247
