log2c=5 log2g=-7 rate=87.6875
log2c=-1 log2g=-7 rate=84.9237
log2c=5 log2g=-1 rate=87.9863
log2c=-1 log2g=-1 rate=87.9863
log2c=11 log2g=-7 rate=87.9863
log2c=11 log2g=-1 rate=87.8431
log2c=5 log2g=-13 rate=84.5191
log2c=-1 log2g=-13 rate=74.5969
log2c=11 log2g=-13 rate=86.0131
log2c=-3 log2g=-7 rate=84.5191
log2c=-3 log2g=-1 rate=87.5008
log2c=-3 log2g=-13 rate=74.5969
log2c=5 log2g=1 rate=87.3327
log2c=-1 log2g=1 rate=87.0899
log2c=11 log2g=1 rate=87.3327
log2c=-3 log2g=1 rate=85.789
log2c=9 log2g=-7 rate=88.0237
log2c=9 log2g=-1 rate=87.8431
log2c=9 log2g=-13 rate=85.2599
log2c=9 log2g=1 rate=87.3327
log2c=5 log2g=-11 rate=85.1229
log2c=-1 log2g=-11 rate=84.7619
log2c=11 log2g=-11 rate=87.2642
log2c=-3 log2g=-11 rate=74.5969
log2c=9 log2g=-11 rate=86.5546
log2c=3 log2g=-7 rate=87.2891
log2c=3 log2g=-1 rate=88.1419
log2c=3 log2g=-13 rate=84.488
log2c=3 log2g=1 rate=87.3327
log2c=3 log2g=-11 rate=84.5254
log2c=5 log2g=-5 rate=87.9988
log2c=-1 log2g=-5 rate=87.2518
log2c=11 log2g=-5 rate=87.8369
log2c=-3 log2g=-5 rate=86.4613
log2c=9 log2g=-5 rate=87.9801
log2c=3 log2g=-5 rate=87.8867
log2c=15 log2g=-7 rate=87.9178
log2c=15 log2g=-1 rate=87.8431
log2c=15 log2g=-13 rate=87.3887
log2c=15 log2g=1 rate=87.3327
log2c=15 log2g=-11 rate=87.9552
log2c=15 log2g=-5 rate=87.812
log2c=5 log2g=-15 rate=84.488
log2c=-1 log2g=-15 rate=74.5969
log2c=11 log2g=-15 rate=85.1292
log2c=-3 log2g=-15 rate=74.5969
log2c=9 log2g=-15 rate=84.9611
log2c=3 log2g=-15 rate=84.7619
log2c=15 log2g=-15 rate=85.957
log2c=-5 log2g=-7 rate=84.8864
log2c=-5 log2g=-1 rate=86.2496
log2c=-5 log2g=-13 rate=74.5969
log2c=-5 log2g=1 rate=82.6268
log2c=-5 log2g=-11 rate=74.5969
log2c=-5 log2g=-5 rate=84.7246
log2c=-5 log2g=-15 rate=74.5969
log2c=5 log2g=3 rate=86.9094
log2c=-1 log2g=3 rate=86.3181
log2c=11 log2g=3 rate=86.9094
log2c=-3 log2g=3 rate=84.9237
log2c=9 log2g=3 rate=86.9094
log2c=3 log2g=3 rate=86.9094
log2c=15 log2g=3 rate=86.9094
log2c=-5 log2g=3 rate=81.7554
log2c=7 log2g=-7 rate=87.949
log2c=7 log2g=-1 rate=87.8431
log2c=7 log2g=-13 rate=84.9673
log2c=7 log2g=1 rate=87.3327
log2c=7 log2g=-11 rate=85.9944
log2c=7 log2g=-5 rate=88.0112
log2c=7 log2g=-15 rate=84.5191
log2c=7 log2g=3 rate=86.9094
log2c=5 log2g=-9 rate=86.5546
log2c=-1 log2g=-9 rate=84.488
log2c=11 log2g=-9 rate=87.9988
log2c=-3 log2g=-9 rate=84.7744
log2c=9 log2g=-9 rate=87.6937
log2c=3 log2g=-9 rate=85.5836
log2c=15 log2g=-9 rate=87.9863
log2c=-5 log2g=-9 rate=74.5969
log2c=7 log2g=-9 rate=87.2891
log2c=1 log2g=-7 rate=86.5733
log2c=1 log2g=-1 rate=88.2726
log2c=1 log2g=-13 rate=84.7619
log2c=1 log2g=1 rate=87.3825
log2c=1 log2g=-11 rate=84.488
log2c=1 log2g=-5 rate=87.7373
log2c=1 log2g=-15 rate=74.5969
log2c=1 log2g=3 rate=86.9094
log2c=1 log2g=-9 rate=84.6063
log2c=5 log2g=-3 rate=87.9801
log2c=-1 log2g=-3 rate=87.8431
log2c=11 log2g=-3 rate=87.9614
log2c=-3 log2g=-3 rate=87.5195
log2c=9 log2g=-3 rate=87.9427
log2c=3 log2g=-3 rate=88.0984
log2c=15 log2g=-3 rate=87.6626
log2c=-5 log2g=-3 rate=86.8596
log2c=7 log2g=-3 rate=88.005
log2c=1 log2g=-3 rate=87.9925
log2c=13 log2g=-7 rate=87.9552
log2c=13 log2g=-1 rate=87.8431
log2c=13 log2g=-13 rate=86.5733
log2c=13 log2g=1 rate=87.3327
log2c=13 log2g=-11 rate=87.7996
log2c=13 log2g=-5 rate=87.6066
log2c=13 log2g=-15 rate=85.2848
log2c=13 log2g=3 rate=86.9094
log2c=13 log2g=-9 rate=88.0299
log2c=13 log2g=-3 rate=87.6875
