log2c=5 log2g=-7 rate=77.1678
log2c=-1 log2g=-7 rate=74.5969
log2c=5 log2g=-1 rate=83.1995
log2c=-1 log2g=-1 rate=78.9293
log2c=11 log2g=-7 rate=79.3091
log2c=11 log2g=-1 rate=85.2599
log2c=5 log2g=-13 rate=74.5969
log2c=-1 log2g=-13 rate=74.5969
log2c=11 log2g=-13 rate=76.8627
log2c=-3 log2g=-7 rate=74.5969
log2c=-3 log2g=-1 rate=76.9686
log2c=-3 log2g=-13 rate=74.5969
log2c=5 log2g=1 rate=85.1105
log2c=-1 log2g=1 rate=83.0314
log2c=11 log2g=1 rate=86.8721
log2c=-3 log2g=1 rate=79.8444
log2c=9 log2g=-7 rate=78.5932
log2c=9 log2g=-1 rate=85.1043
log2c=9 log2g=-13 rate=74.4289
log2c=9 log2g=1 rate=86.4862
log2c=5 log2g=-11 rate=74.5658
log2c=-1 log2g=-11 rate=74.5969
log2c=11 log2g=-11 rate=77.5475
log2c=-3 log2g=-11 rate=74.5969
log2c=9 log2g=-11 rate=76.9063
log2c=3 log2g=-7 rate=74.3666
log2c=3 log2g=-1 rate=81.9981
log2c=3 log2g=-13 rate=74.5969
log2c=3 log2g=1 rate=84.9424
log2c=3 log2g=-11 rate=74.5969
log2c=5 log2g=-5 rate=78.4625
log2c=-1 log2g=-5 rate=74.5285
log2c=11 log2g=-5 rate=81.1765
log2c=-3 log2g=-5 rate=74.5969
log2c=9 log2g=-5 rate=80.0249
log2c=3 log2g=-5 rate=77.3483
log2c=15 log2g=-7 rate=82.5335
log2c=15 log2g=-1 rate=86.2807
log2c=15 log2g=-13 rate=78.0766
log2c=15 log2g=1 rate=87.4074
log2c=15 log2g=-11 rate=78.7302
log2c=15 log2g=-5 rate=82.7575
log2c=5 log2g=-15 rate=74.5969
log2c=-1 log2g=-15 rate=74.5969
log2c=11 log2g=-15 rate=74.0865
log2c=-3 log2g=-15 rate=74.5969
log2c=9 log2g=-15 rate=74.5596
log2c=3 log2g=-15 rate=74.5969
log2c=15 log2g=-15 rate=78.6928
log2c=-5 log2g=-7 rate=74.5969
log2c=-5 log2g=-1 rate=74.5845
log2c=-5 log2g=-13 rate=74.5969
log2c=-5 log2g=1 rate=77.0433
log2c=-5 log2g=-11 rate=74.5969
log2c=-5 log2g=-5 rate=74.5969
log2c=-5 log2g=-15 rate=74.5969
log2c=5 log2g=3 rate=87.9552
log2c=-1 log2g=3 rate=85.484
log2c=11 log2g=3 rate=87.7498
log2c=-3 log2g=3 rate=83.7099
log2c=9 log2g=3 rate=87.7498
log2c=3 log2g=3 rate=87.1833
log2c=15 log2g=3 rate=87.6937
log2c=-5 log2g=3 rate=81.2636
log2c=7 log2g=-7 rate=78.0517
log2c=7 log2g=-1 rate=83.8904
log2c=7 log2g=-13 rate=74.5596
log2c=7 log2g=1 rate=86.0753
log2c=7 log2g=-11 rate=74.4351
log2c=7 log2g=-5 rate=79.1783
log2c=7 log2g=-15 rate=74.5969
log2c=7 log2g=3 rate=87.8182
log2c=5 log2g=-9 rate=74.4227
log2c=-1 log2g=-9 rate=74.5969
log2c=11 log2g=-9 rate=78.3318
log2c=-3 log2g=-9 rate=74.5969
log2c=9 log2g=-9 rate=77.5599
log2c=3 log2g=-9 rate=74.5596
log2c=15 log2g=-9 rate=79.39
log2c=-5 log2g=-9 rate=74.5969
log2c=7 log2g=-9 rate=76.9437
log2c=1 log2g=-7 rate=74.5534
log2c=1 log2g=-1 rate=80.3486
log2c=1 log2g=-13 rate=74.5969
log2c=1 log2g=1 rate=83.7971
log2c=1 log2g=-11 rate=74.5969
log2c=1 log2g=-5 rate=74.4787
log2c=1 log2g=-15 rate=74.5969
log2c=1 log2g=3 rate=86.5546
log2c=1 log2g=-9 rate=74.5969
log2c=5 log2g=-3 rate=80.2179
log2c=-1 log2g=-3 rate=76.3025
log2c=11 log2g=-3 rate=83.2991
log2c=-3 log2g=-3 rate=74.4974
log2c=9 log2g=-3 rate=82.8509
log2c=3 log2g=-3 rate=79.1285
log2c=15 log2g=-3 rate=85.0047
log2c=-5 log2g=-3 rate=74.5969
log2c=7 log2g=-3 rate=81.3757
log2c=1 log2g=-3 rate=78.0579
log2c=13 log2g=-7 rate=81.3321
log2c=13 log2g=-1 rate=85.9135
log2c=13 log2g=-13 rate=77.4728
log2c=13 log2g=1 rate=87.451
log2c=13 log2g=-11 rate=78.3754
log2c=13 log2g=-5 rate=82.4588
log2c=13 log2g=-15 rate=77.3607
log2c=13 log2g=3 rate=87.7871
log2c=13 log2g=-9 rate=78.7053
log2c=13 log2g=-3 rate=84.0274
