log2c=5 log2g=-7 rate=80.6785
log2c=-1 log2g=-7 rate=74.2982
log2c=5 log2g=-1 rate=83.8655
log2c=-1 log2g=-1 rate=81.2947
log2c=11 log2g=-7 rate=80.7158
log2c=11 log2g=-1 rate=85.8948
log2c=5 log2g=-13 rate=74.3044
log2c=-1 log2g=-13 rate=74.5969
log2c=11 log2g=-13 rate=80.6162
log2c=-3 log2g=-7 rate=74.5969
log2c=-3 log2g=-1 rate=80.859
log2c=-3 log2g=-13 rate=74.5969
log2c=5 log2g=1 rate=86.5857
log2c=-1 log2g=1 rate=84.6872
log2c=11 log2g=1 rate=86.287
log2c=-3 log2g=1 rate=83.1186
log2c=9 log2g=-7 rate=80.5415
log2c=9 log2g=-1 rate=86.1562
log2c=9 log2g=-13 rate=80.1618
log2c=9 log2g=1 rate=86.3679
log2c=5 log2g=-11 rate=77.8774
log2c=-1 log2g=-11 rate=74.5969
log2c=11 log2g=-11 rate=80.6847
log2c=-3 log2g=-11 rate=74.5969
log2c=9 log2g=-11 rate=80.7158
log2c=3 log2g=-7 rate=80.2863
log2c=3 log2g=-1 rate=83.38
log2c=3 log2g=-13 rate=74.5969
log2c=3 log2g=1 rate=86.5795
log2c=3 log2g=-11 rate=74.3044
log2c=5 log2g=-5 rate=80.5913
log2c=-1 log2g=-5 rate=79.3838
log2c=11 log2g=-5 rate=81.7429
log2c=-3 log2g=-5 rate=74.3417
log2c=9 log2g=-5 rate=81.0333
log2c=3 log2g=-5 rate=80.5353
log2c=15 log2g=-7 rate=80.9773
log2c=15 log2g=-1 rate=85.9259
log2c=15 log2g=-13 rate=80.1867
log2c=15 log2g=1 rate=85.9259
log2c=15 log2g=-11 rate=80.5415
log2c=15 log2g=-5 rate=83.3551
log2c=5 log2g=-15 rate=74.5969
log2c=-1 log2g=-15 rate=74.5969
log2c=11 log2g=-15 rate=80.1556
log2c=-3 log2g=-15 rate=74.5969
log2c=9 log2g=-15 rate=77.9583
log2c=3 log2g=-15 rate=74.5969
log2c=15 log2g=-15 rate=80.0436
log2c=-5 log2g=-7 rate=74.5969
log2c=-5 log2g=-1 rate=80.803
log2c=-5 log2g=-13 rate=74.5969
log2c=-5 log2g=1 rate=81.4317
log2c=-5 log2g=-11 rate=74.5969
log2c=-5 log2g=-5 rate=74.5969
log2c=-5 log2g=-15 rate=74.5969
log2c=5 log2g=3 rate=86.9966
log2c=-1 log2g=3 rate=86.5048
log2c=11 log2g=3 rate=86.5546
log2c=-3 log2g=3 rate=85.4777
log2c=9 log2g=3 rate=86.6604
log2c=3 log2g=3 rate=87.2144
log2c=15 log2g=3 rate=86.2496
log2c=-5 log2g=3 rate=83.3551
log2c=7 log2g=-7 rate=80.5167
log2c=7 log2g=-1 rate=85.6271
log2c=7 log2g=-13 rate=77.9147
log2c=7 log2g=1 rate=86.6355
log2c=7 log2g=-11 rate=80.1681
log2c=7 log2g=-5 rate=80.7968
log2c=7 log2g=-15 rate=74.3044
log2c=7 log2g=3 rate=86.7849
log2c=5 log2g=-9 rate=80.1992
log2c=-1 log2g=-9 rate=74.5969
log2c=11 log2g=-9 rate=80.5353
log2c=-3 log2g=-9 rate=74.5969
log2c=9 log2g=-9 rate=80.6723
log2c=3 log2g=-9 rate=77.9645
log2c=15 log2g=-9 rate=80.7096
log2c=-5 log2g=-9 rate=74.5969
log2c=7 log2g=-9 rate=80.7221
log2c=1 log2g=-7 rate=78.2384
log2c=1 log2g=-1 rate=82.1973
log2c=1 log2g=-13 rate=74.5969
log2c=1 log2g=1 rate=86.3181
log2c=1 log2g=-11 rate=74.5969
log2c=1 log2g=-5 rate=80.7096
log2c=1 log2g=-15 rate=74.5969
log2c=1 log2g=3 rate=87.3016
log2c=1 log2g=-9 rate=74.2982
log2c=5 log2g=-3 rate=81.3321
log2c=-1 log2g=-3 rate=80.4855
log2c=11 log2g=-3 rate=83.3178
log2c=-3 log2g=-3 rate=80.3922
log2c=9 log2g=-3 rate=83.1497
log2c=3 log2g=-3 rate=80.9337
log2c=15 log2g=-3 rate=85.6022
log2c=-5 log2g=-3 rate=74.3915
log2c=7 log2g=-3 rate=82.2658
log2c=1 log2g=-3 rate=80.6847
log2c=13 log2g=-7 rate=80.9835
log2c=13 log2g=-1 rate=86.038
log2c=13 log2g=-13 rate=80.4918
log2c=13 log2g=1 rate=86.0753
log2c=13 log2g=-11 rate=80.6287
log2c=13 log2g=-5 rate=82.5397
log2c=13 log2g=-15 rate=80.2303
log2c=13 log2g=3 rate=86.4613
log2c=13 log2g=-9 rate=80.6349
log2c=13 log2g=-3 rate=84.6748
