log2c=5 log2g=-7 rate=82.3405
log2c=-1 log2g=-7 rate=72.1382
log2c=5 log2g=-1 rate=85.6334
log2c=-1 log2g=-1 rate=83.517
log2c=11 log2g=-7 rate=83.5356
log2c=11 log2g=-1 rate=88.4781
log2c=5 log2g=-13 rate=72.7358
log2c=-1 log2g=-13 rate=73.352
log2c=11 log2g=-13 rate=82.3156
log2c=-3 log2g=-7 rate=73.352
log2c=-3 log2g=-1 rate=82.4401
log2c=-3 log2g=-13 rate=73.352
log2c=5 log2g=1 rate=89.1877
log2c=-1 log2g=1 rate=85.4528
log2c=11 log2g=1 rate=89.113
log2c=-3 log2g=1 rate=83.8904
log2c=9 log2g=-7 rate=82.5895
log2c=9 log2g=-1 rate=87.9925
log2c=9 log2g=-13 rate=82.3218
log2c=9 log2g=1 rate=89.2312
log2c=5 log2g=-11 rate=71.7772
log2c=-1 log2g=-11 rate=73.352
log2c=11 log2g=-11 rate=82.3156
log2c=-3 log2g=-11 rate=73.352
log2c=9 log2g=-11 rate=82.2782
log2c=3 log2g=-7 rate=82.3218
log2c=3 log2g=-1 rate=84.7183
log2c=3 log2g=-13 rate=73.352
log2c=3 log2g=1 rate=88.6586
log2c=3 log2g=-11 rate=72.7358
log2c=5 log2g=-5 rate=82.5521
log2c=-1 log2g=-5 rate=72.0386
log2c=11 log2g=-5 rate=84.1208
log2c=-3 log2g=-5 rate=72.0946
log2c=9 log2g=-5 rate=83.9402
log2c=3 log2g=-5 rate=82.4152
log2c=15 log2g=-7 rate=83.685
log2c=15 log2g=-1 rate=88.9387
log2c=15 log2g=-13 rate=82.4339
log2c=15 log2g=1 rate=89.1192
log2c=15 log2g=-11 rate=82.7202
log2c=15 log2g=-5 rate=84.5565
log2c=5 log2g=-15 rate=73.352
log2c=-1 log2g=-15 rate=73.352
log2c=11 log2g=-15 rate=82.3405
log2c=-3 log2g=-15 rate=73.352
log2c=9 log2g=-15 rate=71.7772
log2c=3 log2g=-15 rate=73.352
log2c=15 log2g=-15 rate=82.5646
log2c=-5 log2g=-7 rate=73.352
log2c=-5 log2g=-1 rate=82.7202
log2c=-5 log2g=-13 rate=73.352
log2c=-5 log2g=1 rate=82.9381
log2c=-5 log2g=-11 rate=73.352
log2c=-5 log2g=-5 rate=73.352
log2c=-5 log2g=-15 rate=73.352
log2c=5 log2g=3 rate=89.667
log2c=-1 log2g=3 rate=88.8827
log2c=11 log2g=3 rate=89.3869
log2c=-3 log2g=3 rate=88.0237
log2c=9 log2g=3 rate=89.474
log2c=3 log2g=3 rate=89.8599
log2c=15 log2g=3 rate=88.9449
log2c=-5 log2g=3 rate=84.4258
log2c=7 log2g=-7 rate=82.4214
log2c=7 log2g=-1 rate=85.8512
log2c=7 log2g=-13 rate=71.7772
log2c=7 log2g=1 rate=89.2312
log2c=7 log2g=-11 rate=82.3218
log2c=7 log2g=-5 rate=83.5543
log2c=7 log2g=-15 rate=72.7482
log2c=7 log2g=3 rate=89.4367
log2c=5 log2g=-9 rate=82.3218
log2c=-1 log2g=-9 rate=73.352
log2c=11 log2g=-9 rate=82.4401
log2c=-3 log2g=-9 rate=73.352
log2c=9 log2g=-9 rate=82.3467
log2c=3 log2g=-9 rate=71.7772
log2c=15 log2g=-9 rate=83.878
log2c=-5 log2g=-9 rate=73.352
log2c=7 log2g=-9 rate=82.3031
log2c=1 log2g=-7 rate=71.7772
log2c=1 log2g=-1 rate=84.0398
log2c=1 log2g=-13 rate=73.352
log2c=1 log2g=1 rate=86.3617
log2c=1 log2g=-11 rate=73.352
log2c=1 log2g=-5 rate=82.3592
log2c=1 log2g=-15 rate=73.352
log2c=1 log2g=3 rate=89.7168
log2c=1 log2g=-9 rate=72.493
log2c=5 log2g=-3 rate=84.0336
log2c=-1 log2g=-3 rate=82.4027
log2c=11 log2g=-3 rate=85.3346
log2c=-3 log2g=-3 rate=81.1018
log2c=9 log2g=-3 rate=84.6997
log2c=3 log2g=-3 rate=83.5045
log2c=15 log2g=-3 rate=86.5359
log2c=-5 log2g=-3 rate=72.244
log2c=7 log2g=-3 rate=84.2577
log2c=1 log2g=-3 rate=82.5397
log2c=13 log2g=-7 rate=83.99
log2c=13 log2g=-1 rate=88.7706
log2c=13 log2g=-13 rate=82.3654
log2c=13 log2g=1 rate=89.0694
log2c=13 log2g=-11 rate=82.4027
log2c=13 log2g=-5 rate=84.4195
log2c=13 log2g=-15 rate=82.328
log2c=13 log2g=3 rate=89.2126
log2c=13 log2g=-9 rate=82.7887
log2c=13 log2g=-3 rate=86.0878
