log2c=5 log2g=-7 rate=88.0789
log2c=-1 log2g=-7 rate=86.5413
log2c=5 log2g=-1 rate=88.2097
log2c=-1 log2g=-1 rate=88.3279
log2c=11 log2g=-7 rate=88.2595
log2c=11 log2g=-1 rate=88.0665
log2c=5 log2g=-13 rate=85.9001
log2c=-1 log2g=-13 rate=74.0351
log2c=11 log2g=-13 rate=86.946
log2c=-3 log2g=-7 rate=84.7983
log2c=-3 log2g=-1 rate=88.1536
log2c=-3 log2g=-13 rate=73.3503
log2c=5 log2g=1 rate=87.5374
log2c=-1 log2g=1 rate=87.3942
log2c=11 log2g=1 rate=87.5374
log2c=-3 log2g=1 rate=86.0247
log2c=9 log2g=-7 rate=88.2097
log2c=9 log2g=-1 rate=88.0665
log2c=9 log2g=-13 rate=86.8277
log2c=9 log2g=1 rate=87.5374
log2c=5 log2g=-11 rate=86.7468
log2c=-1 log2g=-11 rate=84.9602
log2c=11 log2g=-11 rate=87.6121
log2c=-3 log2g=-11 rate=74.0289
log2c=9 log2g=-11 rate=86.8464
log2c=3 log2g=-7 rate=87.6245
log2c=3 log2g=-1 rate=88.5147
log2c=3 log2g=-13 rate=84.7672
log2c=3 log2g=1 rate=87.5374
log2c=3 log2g=-11 rate=85.9064
log2c=5 log2g=-5 rate=88.2657
log2c=-1 log2g=-5 rate=87.5809
log2c=11 log2g=-5 rate=88.0603
log2c=-3 log2g=-5 rate=86.7032
log2c=9 log2g=-5 rate=88.191
log2c=3 log2g=-5 rate=88.2408
log2c=15 log2g=-7 rate=88.0603
log2c=15 log2g=-1 rate=88.0665
log2c=15 log2g=-13 rate=87.7677
log2c=15 log2g=1 rate=87.5374
log2c=15 log2g=-11 rate=88.1972
log2c=15 log2g=-5 rate=88.2657
log2c=5 log2g=-15 rate=84.7672
log2c=-1 log2g=-15 rate=73.3503
log2c=11 log2g=-15 rate=86.7717
log2c=-3 log2g=-15 rate=73.3503
log2c=9 log2g=-15 rate=86.5289
log2c=3 log2g=-15 rate=84.9602
log2c=15 log2g=-15 rate=86.5849
log2c=-5 log2g=-7 rate=84.9851
log2c=-5 log2g=-1 rate=86.9771
log2c=-5 log2g=-13 rate=73.3503
log2c=-5 log2g=1 rate=82.8436
log2c=-5 log2g=-11 rate=73.3503
log2c=-5 log2g=-5 rate=85.2776
log2c=-5 log2g=-15 rate=73.3503
log2c=5 log2g=3 rate=86.9895
log2c=-1 log2g=3 rate=86.367
log2c=11 log2g=3 rate=86.9895
log2c=-3 log2g=3 rate=84.6551
log2c=9 log2g=3 rate=86.9895
log2c=3 log2g=3 rate=86.9895
log2c=15 log2g=3 rate=86.9895
log2c=-5 log2g=3 rate=81.3621
log2c=7 log2g=-7 rate=88.247
log2c=7 log2g=-1 rate=88.0852
log2c=7 log2g=-13 rate=86.5164
log2c=7 log2g=1 rate=87.5374
log2c=7 log2g=-11 rate=86.9086
log2c=7 log2g=-5 rate=88.3093
log2c=7 log2g=-15 rate=85.9064
log2c=7 log2g=3 rate=86.9895
log2c=5 log2g=-9 rate=86.8588
log2c=-1 log2g=-9 rate=84.7672
log2c=11 log2g=-9 rate=88.2346
log2c=-3 log2g=-9 rate=84.9602
log2c=9 log2g=-9 rate=88.0789
log2c=3 log2g=-9 rate=86.9148
log2c=15 log2g=-9 rate=88.2532
log2c=-5 log2g=-9 rate=73.9978
log2c=7 log2g=-9 rate=87.6058
log2c=1 log2g=-7 rate=86.8464
log2c=1 log2g=-1 rate=88.5956
log2c=1 log2g=-13 rate=84.9602
log2c=1 log2g=1 rate=87.5809
log2c=1 log2g=-11 rate=84.7672
log2c=1 log2g=-5 rate=88.0852
log2c=1 log2g=-15 rate=74.0351
log2c=1 log2g=3 rate=86.9895
log2c=1 log2g=-9 rate=85.9001
log2c=5 log2g=-3 rate=88.4089
log2c=-1 log2g=-3 rate=88.191
log2c=11 log2g=-3 rate=88.0914
log2c=-3 log2g=-3 rate=87.9731
log2c=9 log2g=-3 rate=88.2906
log2c=3 log2g=-3 rate=88.303
log2c=15 log2g=-3 rate=88.0167
log2c=-5 log2g=-3 rate=87.1825
log2c=7 log2g=-3 rate=88.4524
log2c=1 log2g=-3 rate=88.3155
log2c=13 log2g=-7 rate=88.2968
log2c=13 log2g=-1 rate=88.0665
log2c=13 log2g=-13 rate=86.9771
log2c=13 log2g=1 rate=87.5374
log2c=13 log2g=-11 rate=88.0789
log2c=13 log2g=-5 rate=88.2283
log2c=13 log2g=-15 rate=87.0829
log2c=13 log2g=3 rate=86.9895
log2c=13 log2g=-9 rate=88.1723
log2c=13 log2g=-3 rate=87.9669
