log2c=5 log2g=-7 rate=84.4507
log2c=-1 log2g=-7 rate=78.8235
log2c=5 log2g=-1 rate=85.3221
log2c=-1 log2g=-1 rate=84.8117
log2c=11 log2g=-7 rate=85.4591
log2c=11 log2g=-1 rate=85.3035
log2c=5 log2g=-13 rate=78.3442
log2c=-1 log2g=-13 rate=74.5969
log2c=11 log2g=-13 rate=78.9293
log2c=-3 log2g=-7 rate=78.4376
log2c=-3 log2g=-1 rate=83.0377
log2c=-3 log2g=-13 rate=74.5969
log2c=5 log2g=1 rate=85.2101
log2c=-1 log2g=1 rate=84.9673
log2c=11 log2g=1 rate=85.2101
log2c=-3 log2g=1 rate=83.8282
log2c=9 log2g=-7 rate=85.3221
log2c=9 log2g=-1 rate=85.3035
log2c=9 log2g=-13 rate=78.3567
log2c=9 log2g=1 rate=85.2101
log2c=5 log2g=-11 rate=78.3567
log2c=-1 log2g=-11 rate=74.5969
log2c=11 log2g=-11 rate=83.5668
log2c=-3 log2g=-11 rate=74.5969
log2c=9 log2g=-11 rate=82.1786
log2c=3 log2g=-7 rate=83.3427
log2c=3 log2g=-1 rate=85.4653
log2c=3 log2g=-13 rate=78.3505
log2c=3 log2g=1 rate=85.2101
log2c=3 log2g=-11 rate=78.3442
log2c=5 log2g=-5 rate=85.4093
log2c=-1 log2g=-5 rate=82.9816
log2c=11 log2g=-5 rate=85.6022
log2c=-3 log2g=-5 rate=80.0062
log2c=9 log2g=-5 rate=85.6458
log2c=3 log2g=-5 rate=85.042
log2c=15 log2g=-7 rate=85.4902
log2c=15 log2g=-1 rate=85.3035
log2c=15 log2g=-13 rate=83.4174
log2c=15 log2g=1 rate=85.2101
log2c=15 log2g=-11 rate=85.1416
log2c=15 log2g=-5 rate=85.4466
log2c=5 log2g=-15 rate=78.3505
log2c=-1 log2g=-15 rate=74.5969
log2c=11 log2g=-15 rate=78.338
log2c=-3 log2g=-15 rate=74.5969
log2c=9 log2g=-15 rate=78.338
log2c=3 log2g=-15 rate=74.5969
log2c=15 log2g=-15 rate=80.0685
log2c=-5 log2g=-7 rate=74.5969
log2c=-5 log2g=-1 rate=81.0707
log2c=-5 log2g=-13 rate=74.5969
log2c=-5 log2g=1 rate=82.2222
log2c=-5 log2g=-11 rate=74.5969
log2c=-5 log2g=-5 rate=78.7551
log2c=-5 log2g=-15 rate=74.5969
log2c=5 log2g=3 rate=85.2225
log2c=-1 log2g=3 rate=85.0233
log2c=11 log2g=3 rate=85.2225
log2c=-3 log2g=3 rate=83.9838
log2c=9 log2g=3 rate=85.2225
log2c=3 log2g=3 rate=85.2225
log2c=15 log2g=3 rate=85.2225
log2c=-5 log2g=3 rate=82.1164
log2c=7 log2g=-7 rate=85.2225
log2c=7 log2g=-1 rate=85.3035
log2c=7 log2g=-13 rate=78.338
log2c=7 log2g=1 rate=85.2101
log2c=7 log2g=-11 rate=79.1348
log2c=7 log2g=-5 rate=85.4777
log2c=7 log2g=-15 rate=78.3442
log2c=7 log2g=3 rate=85.2225
log2c=5 log2g=-9 rate=82.6829
log2c=-1 log2g=-9 rate=78.3505
log2c=11 log2g=-9 rate=85.2039
log2c=-3 log2g=-9 rate=74.5969
log2c=9 log2g=-9 rate=84.4569
log2c=3 log2g=-9 rate=79.0227
log2c=15 log2g=-9 rate=85.2786
log2c=-5 log2g=-9 rate=74.5969
log2c=7 log2g=-9 rate=83.436
log2c=1 log2g=-7 rate=82.6517
log2c=1 log2g=-1 rate=85.347
log2c=1 log2g=-13 rate=74.5969
log2c=1 log2g=1 rate=85.2786
log2c=1 log2g=-11 rate=78.3505
log2c=1 log2g=-5 rate=84.3013
log2c=1 log2g=-15 rate=74.5969
log2c=1 log2g=3 rate=85.2225
log2c=1 log2g=-9 rate=78.3691
log2c=5 log2g=-3 rate=85.6085
log2c=-1 log2g=-3 rate=84.2079
log2c=11 log2g=-3 rate=85.347
log2c=-3 log2g=-3 rate=82.6891
log2c=9 log2g=-3 rate=85.4466
log2c=3 log2g=-3 rate=85.4528
log2c=15 log2g=-3 rate=85.3035
log2c=-5 log2g=-3 rate=82.7015
log2c=7 log2g=-3 rate=85.5026
log2c=1 log2g=-3 rate=84.9673
log2c=13 log2g=-7 rate=85.4404
log2c=13 log2g=-1 rate=85.3035
log2c=13 log2g=-13 rate=83.8033
log2c=13 log2g=1 rate=85.2101
log2c=13 log2g=-11 rate=84.5005
log2c=13 log2g=-5 rate=85.5151
log2c=13 log2g=-15 rate=78.5185
log2c=13 log2g=3 rate=85.2225
log2c=13 log2g=-9 rate=85.2786
log2c=13 log2g=-3 rate=85.3035
