log2c=5 log2g=-7 rate=82.5397
log2c=-1 log2g=-7 rate=76.4893
log2c=5 log2g=-1 rate=86.1874
log2c=-1 log2g=-1 rate=84.0274
log2c=11 log2g=-7 rate=82.9754
log2c=11 log2g=-1 rate=87.6066
log2c=5 log2g=-13 rate=76.0784
log2c=-1 log2g=-13 rate=74.5969
log2c=11 log2g=-13 rate=82.3654
log2c=-3 log2g=-7 rate=74.6032
log2c=-3 log2g=-1 rate=83.075
log2c=-3 log2g=-13 rate=74.5969
log2c=5 log2g=1 rate=87.949
log2c=-1 log2g=1 rate=86.7725
log2c=11 log2g=1 rate=87.8992
log2c=-3 log2g=1 rate=85.1603
log2c=9 log2g=-7 rate=82.8758
log2c=9 log2g=-1 rate=87.6128
log2c=9 log2g=-13 rate=82.3716
log2c=9 log2g=1 rate=87.9427
log2c=5 log2g=-11 rate=82.3529
log2c=-1 log2g=-11 rate=74.5969
log2c=11 log2g=-11 rate=82.4899
log2c=-3 log2g=-11 rate=74.5969
log2c=9 log2g=-11 rate=82.4339
log2c=3 log2g=-7 rate=82.409
log2c=3 log2g=-1 rate=85.5524
log2c=3 log2g=-13 rate=74.6156
log2c=3 log2g=1 rate=88.2228
log2c=3 log2g=-11 rate=76.0971
log2c=5 log2g=-5 rate=82.9381
log2c=-1 log2g=-5 rate=82.4339
log2c=11 log2g=-5 rate=84.6125
log2c=-3 log2g=-5 rate=76.5515
log2c=9 log2g=-5 rate=83.8655
log2c=3 log2g=-5 rate=82.6206
log2c=15 log2g=-7 rate=83.878
log2c=15 log2g=-1 rate=87.3638
log2c=15 log2g=-13 rate=82.3778
log2c=15 log2g=1 rate=87.5008
log2c=15 log2g=-11 rate=82.7264
log2c=15 log2g=-5 rate=85.652
log2c=5 log2g=-15 rate=74.6156
log2c=-1 log2g=-15 rate=74.5969
log2c=11 log2g=-15 rate=82.3841
log2c=-3 log2g=-15 rate=74.5969
log2c=9 log2g=-15 rate=82.3467
log2c=3 log2g=-15 rate=74.5969
log2c=15 log2g=-15 rate=82.2845
log2c=-5 log2g=-7 rate=74.5969
log2c=-5 log2g=-1 rate=82.826
log2c=-5 log2g=-13 rate=74.5969
log2c=-5 log2g=1 rate=83.3115
log2c=-5 log2g=-11 rate=74.5969
log2c=-5 log2g=-5 rate=74.5969
log2c=-5 log2g=-15 rate=74.5969
log2c=5 log2g=3 rate=88.4532
log2c=-1 log2g=3 rate=87.9863
log2c=11 log2g=3 rate=88.1606
log2c=-3 log2g=3 rate=86.4052
log2c=9 log2g=3 rate=88.254
log2c=3 log2g=3 rate=88.6772
log2c=15 log2g=3 rate=87.8618
log2c=-5 log2g=3 rate=85.0296
log2c=7 log2g=-7 rate=82.5708
log2c=7 log2g=-1 rate=86.9966
log2c=7 log2g=-13 rate=82.3592
log2c=7 log2g=1 rate=88.0735
log2c=7 log2g=-11 rate=82.3778
log2c=7 log2g=-5 rate=83.3925
log2c=7 log2g=-15 rate=76.0847
log2c=7 log2g=3 rate=88.3971
log2c=5 log2g=-9 rate=82.3716
log2c=-1 log2g=-9 rate=74.6218
log2c=11 log2g=-9 rate=82.5833
log2c=-3 log2g=-9 rate=74.5969
log2c=9 log2g=-9 rate=82.4961
log2c=3 log2g=-9 rate=82.3467
log2c=15 log2g=-9 rate=82.521
log2c=-5 log2g=-9 rate=74.5969
log2c=7 log2g=-9 rate=82.4027
log2c=1 log2g=-7 rate=82.3405
log2c=1 log2g=-1 rate=84.4507
log2c=1 log2g=-13 rate=74.5969
log2c=1 log2g=1 rate=87.5941
log2c=1 log2g=-11 rate=74.6156
log2c=1 log2g=-5 rate=82.5397
log2c=1 log2g=-15 rate=74.5969
log2c=1 log2g=3 rate=88.6835
log2c=1 log2g=-9 rate=76.0909
log2c=5 log2g=-3 rate=84.2515
log2c=-1 log2g=-3 rate=82.658
log2c=11 log2g=-3 rate=85.5711
log2c=-3 log2g=-3 rate=82.4837
log2c=9 log2g=-3 rate=85.1105
log2c=3 log2g=-3 rate=83.6166
log2c=15 log2g=-3 rate=86.9281
log2c=-5 log2g=-3 rate=79.5829
log2c=7 log2g=-3 rate=84.7806
log2c=1 log2g=-3 rate=83.0999
log2c=13 log2g=-7 rate=83.7411
log2c=13 log2g=-1 rate=87.6502
log2c=13 log2g=-13 rate=82.5335
log2c=13 log2g=1 rate=87.619
log2c=13 log2g=-11 rate=82.5459
log2c=13 log2g=-5 rate=84.5689
log2c=13 log2g=-15 rate=82.3778
log2c=13 log2g=3 rate=88.0859
log2c=13 log2g=-9 rate=82.8136
log2c=13 log2g=-3 rate=86.0753
