log2c=5 log2g=-7 rate=80.7096
log2c=-1 log2g=-7 rate=74.2857
log2c=5 log2g=-1 rate=83.9153
log2c=-1 log2g=-1 rate=81.2387
log2c=11 log2g=-7 rate=80.6909
log2c=11 log2g=-1 rate=85.8824
log2c=5 log2g=-13 rate=74.2857
log2c=-1 log2g=-13 rate=74.5969
log2c=11 log2g=-13 rate=80.5913
log2c=-3 log2g=-7 rate=74.5969
log2c=-3 log2g=-1 rate=80.859
log2c=-3 log2g=-13 rate=74.5969
log2c=5 log2g=1 rate=86.5484
log2c=-1 log2g=1 rate=84.6997
log2c=11 log2g=1 rate=86.3679
log2c=-3 log2g=1 rate=83.1061
log2c=9 log2g=-7 rate=80.5229
log2c=9 log2g=-1 rate=86.0753
log2c=9 log2g=-13 rate=80.2739
log2c=9 log2g=1 rate=86.5422
log2c=5 log2g=-11 rate=77.7342
log2c=-1 log2g=-11 rate=74.5969
log2c=11 log2g=-11 rate=80.7283
log2c=-3 log2g=-11 rate=74.5969
log2c=9 log2g=-11 rate=80.7158
log2c=3 log2g=-7 rate=80.4295
log2c=3 log2g=-1 rate=83.4547
log2c=3 log2g=-13 rate=74.5969
log2c=3 log2g=1 rate=86.5733
log2c=3 log2g=-11 rate=74.2857
log2c=5 log2g=-5 rate=80.554
log2c=-1 log2g=-5 rate=79.3589
log2c=11 log2g=-5 rate=81.8425
log2c=-3 log2g=-5 rate=74.3293
log2c=9 log2g=-5 rate=81.0209
log2c=3 log2g=-5 rate=80.4855
log2c=15 log2g=-7 rate=80.9773
log2c=15 log2g=-1 rate=85.7765
log2c=15 log2g=-13 rate=80.0311
log2c=15 log2g=1 rate=85.9197
log2c=15 log2g=-11 rate=80.61
log2c=15 log2g=-5 rate=83.3427
log2c=5 log2g=-15 rate=74.5969
log2c=-1 log2g=-15 rate=74.5969
log2c=11 log2g=-15 rate=80.2241
log2c=-3 log2g=-15 rate=74.5969
log2c=9 log2g=-15 rate=77.8276
log2c=3 log2g=-15 rate=74.5969
log2c=15 log2g=-15 rate=80.3735
log2c=-5 log2g=-7 rate=74.5969
log2c=-5 log2g=-1 rate=80.7843
log2c=-5 log2g=-13 rate=74.5969
log2c=-5 log2g=1 rate=81.4441
log2c=-5 log2g=-11 rate=74.5969
log2c=-5 log2g=-5 rate=74.5969
log2c=-5 log2g=-15 rate=74.5969
log2c=5 log2g=3 rate=87.1148
log2c=-1 log2g=3 rate=86.5235
log2c=11 log2g=3 rate=86.6044
log2c=-3 log2g=3 rate=85.4591
log2c=9 log2g=3 rate=86.8596
log2c=3 log2g=3 rate=87.3576
log2c=15 log2g=3 rate=86.287
log2c=-5 log2g=3 rate=83.3738
log2c=7 log2g=-7 rate=80.4606
log2c=7 log2g=-1 rate=85.596
log2c=7 log2g=-13 rate=77.728
log2c=7 log2g=1 rate=86.5359
log2c=7 log2g=-11 rate=80.1992
log2c=7 log2g=-5 rate=80.7656
log2c=7 log2g=-15 rate=74.2857
log2c=7 log2g=3 rate=86.953
log2c=5 log2g=-9 rate=80.3424
log2c=-1 log2g=-9 rate=74.5969
log2c=11 log2g=-9 rate=80.5042
log2c=-3 log2g=-9 rate=74.5969
log2c=9 log2g=-9 rate=80.6909
log2c=3 log2g=-9 rate=77.8587
log2c=15 log2g=-9 rate=80.3112
log2c=-5 log2g=-9 rate=74.5969
log2c=7 log2g=-9 rate=80.747
log2c=1 log2g=-7 rate=78.0828
log2c=1 log2g=-1 rate=82.1973
log2c=1 log2g=-13 rate=74.5969
log2c=1 log2g=1 rate=86.287
log2c=1 log2g=-11 rate=74.5969
log2c=1 log2g=-5 rate=80.7221
log2c=1 log2g=-15 rate=74.5969
log2c=1 log2g=3 rate=87.3389
log2c=1 log2g=-9 rate=74.2919
log2c=5 log2g=-3 rate=81.2947
log2c=-1 log2g=-3 rate=80.5042
log2c=11 log2g=-3 rate=83.3862
log2c=-3 log2g=-3 rate=80.4046
log2c=9 log2g=-3 rate=83.1684
log2c=3 log2g=-3 rate=80.9088
log2c=15 log2g=-3 rate=85.6894
log2c=-5 log2g=-3 rate=74.404
log2c=7 log2g=-3 rate=82.3841
log2c=1 log2g=-3 rate=80.6349
log2c=13 log2g=-7 rate=81.0022
log2c=13 log2g=-1 rate=86.0629
log2c=13 log2g=-13 rate=80.5602
log2c=13 log2g=1 rate=86.15
log2c=13 log2g=-11 rate=80.666
log2c=13 log2g=-5 rate=82.577
log2c=13 log2g=-15 rate=80.498
log2c=13 log2g=3 rate=86.455
log2c=13 log2g=-9 rate=80.5602
log2c=13 log2g=-3 rate=84.7557
