log2c=5 log2g=-7 rate=85.652
log2c=-1 log2g=-7 rate=82.7762
log2c=5 log2g=-1 rate=86.0691
log2c=-1 log2g=-1 rate=86.287
log2c=11 log2g=-7 rate=85.9695
log2c=11 log2g=-1 rate=86.0006
log2c=5 log2g=-13 rate=82.7389
log2c=-1 log2g=-13 rate=74.5969
log2c=11 log2g=-13 rate=82.826
log2c=-3 log2g=-7 rate=82.7389
log2c=-3 log2g=-1 rate=85.4777
log2c=-3 log2g=-13 rate=74.5969
log2c=5 log2g=1 rate=85.5649
log2c=-1 log2g=1 rate=85.3346
log2c=11 log2g=1 rate=85.5649
log2c=-3 log2g=1 rate=84.0398
log2c=9 log2g=-7 rate=85.9446
log2c=9 log2g=-1 rate=86.0006
log2c=9 log2g=-13 rate=82.7389
log2c=9 log2g=1 rate=85.5649
log2c=5 log2g=-11 rate=82.7389
log2c=-1 log2g=-11 rate=83.0003
log2c=11 log2g=-11 rate=85.0669
log2c=-3 log2g=-11 rate=74.5969
log2c=9 log2g=-11 rate=84.4258
log2c=3 log2g=-7 rate=85.0545
log2c=3 log2g=-1 rate=86.3243
log2c=3 log2g=-13 rate=82.7389
log2c=3 log2g=1 rate=85.5649
log2c=3 log2g=-11 rate=82.7389
log2c=5 log2g=-5 rate=85.9135
log2c=-1 log2g=-5 rate=84.9113
log2c=11 log2g=-5 rate=86.3305
log2c=-3 log2g=-5 rate=84.1768
log2c=9 log2g=-5 rate=86.206
log2c=3 log2g=-5 rate=85.8575
log2c=15 log2g=-7 rate=86.2434
log2c=15 log2g=-1 rate=86.0006
log2c=15 log2g=-13 rate=85.5026
log2c=15 log2g=1 rate=85.5649
log2c=15 log2g=-11 rate=85.9322
log2c=15 log2g=-5 rate=85.8637
log2c=5 log2g=-15 rate=82.7389
log2c=-1 log2g=-15 rate=74.5969
log2c=11 log2g=-15 rate=82.7389
log2c=-3 log2g=-15 rate=74.5969
log2c=9 log2g=-15 rate=82.7389
log2c=3 log2g=-15 rate=83.0003
log2c=15 log2g=-15 rate=83.9714
log2c=-5 log2g=-7 rate=83.075
log2c=-5 log2g=-1 rate=83.7099
log2c=-5 log2g=-13 rate=74.5969
log2c=-5 log2g=1 rate=80.9275
log2c=-5 log2g=-11 rate=74.5969
log2c=-5 log2g=-5 rate=82.8011
log2c=-5 log2g=-15 rate=74.5969
log2c=5 log2g=3 rate=85.1478
log2c=-1 log2g=3 rate=84.7557
log2c=11 log2g=3 rate=85.1478
log2c=-3 log2g=3 rate=83.1995
log2c=9 log2g=3 rate=85.1478
log2c=3 log2g=3 rate=85.1478
log2c=15 log2g=3 rate=85.1478
log2c=-5 log2g=3 rate=80.6536
log2c=7 log2g=-7 rate=85.8948
log2c=7 log2g=-1 rate=85.9757
log2c=7 log2g=-13 rate=82.7389
log2c=7 log2g=1 rate=85.5649
log2c=7 log2g=-11 rate=82.8322
log2c=7 log2g=-5 rate=86.1998
log2c=7 log2g=-15 rate=82.7389
log2c=7 log2g=3 rate=85.1478
log2c=5 log2g=-9 rate=84.4444
log2c=-1 log2g=-9 rate=82.7389
log2c=11 log2g=-9 rate=85.9073
log2c=-3 log2g=-9 rate=83.0128
log2c=9 log2g=-9 rate=85.7081
log2c=3 log2g=-9 rate=82.8198
log2c=15 log2g=-9 rate=85.8886
log2c=-5 log2g=-9 rate=74.5969
log2c=7 log2g=-9 rate=85.0545
log2c=1 log2g=-7 rate=84.432
log2c=1 log2g=-1 rate=86.3243
log2c=1 log2g=-13 rate=83.0003
log2c=1 log2g=1 rate=85.6458
log2c=1 log2g=-11 rate=82.7389
log2c=1 log2g=-5 rate=85.5213
log2c=1 log2g=-15 rate=74.5969
log2c=1 log2g=3 rate=85.1478
log2c=1 log2g=-9 rate=82.7389
log2c=5 log2g=-3 rate=86.3368
log2c=-1 log2g=-3 rate=85.8201
log2c=11 log2g=-3 rate=85.9135
log2c=-3 log2g=-3 rate=85.2225
log2c=9 log2g=-3 rate=85.9446
log2c=3 log2g=-3 rate=86.3617
log2c=15 log2g=-3 rate=85.7205
log2c=-5 log2g=-3 rate=84.6001
log2c=7 log2g=-3 rate=86.2185
log2c=1 log2g=-3 rate=86.1874
log2c=13 log2g=-7 rate=86.1625
log2c=13 log2g=-1 rate=86.0006
log2c=13 log2g=-13 rate=84.3635
log2c=13 log2g=1 rate=85.5649
log2c=13 log2g=-11 rate=85.6894
log2c=13 log2g=-5 rate=86.0691
log2c=13 log2g=-15 rate=82.8136
log2c=13 log2g=3 rate=85.1478
log2c=13 log2g=-9 rate=85.9073
log2c=13 log2g=-3 rate=85.7267
