log2c=5 log2g=-7 rate=82.5075
log2c=-1 log2g=-7 rate=71.9995
log2c=5 log2g=-1 rate=85.7756
log2c=-1 log2g=-1 rate=83.74
log2c=11 log2g=-7 rate=83.6467
log2c=11 log2g=-1 rate=88.4089
log2c=5 log2g=-13 rate=72.7278
log2c=-1 log2g=-13 rate=73.3503
log2c=11 log2g=-13 rate=82.4452
log2c=-3 log2g=-7 rate=73.3503
log2c=-3 log2g=-1 rate=82.5822
log2c=-3 log2g=-13 rate=73.3503
log2c=5 log2g=1 rate=89.0625
log2c=-1 log2g=1 rate=85.564
log2c=11 log2g=1 rate=89.3551
log2c=-3 log2g=1 rate=83.9704
log2c=9 log2g=-7 rate=82.7689
log2c=9 log2g=-1 rate=87.6058
log2c=9 log2g=-13 rate=82.4577
log2c=9 log2g=1 rate=89.5792
log2c=5 log2g=-11 rate=72.3357
log2c=-1 log2g=-11 rate=73.3503
log2c=11 log2g=-11 rate=82.4763
log2c=-3 log2g=-11 rate=73.3503
log2c=9 log2g=-11 rate=82.4328
log2c=3 log2g=-7 rate=82.4763
log2c=3 log2g=-1 rate=84.7672
log2c=3 log2g=-13 rate=73.3503
log2c=3 log2g=1 rate=88.5769
log2c=3 log2g=-11 rate=72.7154
log2c=5 log2g=-5 rate=82.7751
log2c=-1 log2g=-5 rate=73.9666
log2c=11 log2g=-5 rate=84.3501
log2c=-3 log2g=-5 rate=71.9435
log2c=9 log2g=-5 rate=84.2194
log2c=3 log2g=-5 rate=82.5386
log2c=15 log2g=-7 rate=84.2567
log2c=15 log2g=-1 rate=89.1248
log2c=15 log2g=-13 rate=82.6008
log2c=15 log2g=1 rate=89.1746
log2c=15 log2g=-11 rate=82.9619
log2c=15 log2g=-5 rate=85.1033
log2c=5 log2g=-15 rate=73.3503
log2c=-1 log2g=-15 rate=73.3503
log2c=11 log2g=-15 rate=82.4763
log2c=-3 log2g=-15 rate=73.3503
log2c=9 log2g=-15 rate=72.373
log2c=3 log2g=-15 rate=73.3503
log2c=15 log2g=-15 rate=82.6444
log2c=-5 log2g=-7 rate=73.3503
log2c=-5 log2g=-1 rate=82.7876
log2c=-5 log2g=-13 rate=73.3503
log2c=-5 log2g=1 rate=83.0926
log2c=-5 log2g=-11 rate=73.3503
log2c=-5 log2g=-5 rate=73.3503
log2c=-5 log2g=-15 rate=73.3503
log2c=5 log2g=3 rate=89.9029
log2c=-1 log2g=3 rate=89.1185
log2c=11 log2g=3 rate=89.4609
log2c=-3 log2g=3 rate=87.8611
log2c=9 log2g=3 rate=89.5418
log2c=3 log2g=3 rate=90.0585
log2c=15 log2g=3 rate=89.0438
log2c=-5 log2g=3 rate=84.4808
log2c=7 log2g=-7 rate=82.5635
log2c=7 log2g=-1 rate=85.62
log2c=7 log2g=-13 rate=72.3481
log2c=7 log2g=1 rate=89.5979
log2c=7 log2g=-11 rate=82.4577
log2c=7 log2g=-5 rate=83.6529
log2c=7 log2g=-15 rate=72.759
log2c=7 log2g=3 rate=89.6788
log2c=5 log2g=-9 rate=82.4577
log2c=-1 log2g=-9 rate=73.3503
log2c=11 log2g=-9 rate=82.5884
log2c=-3 log2g=-9 rate=73.3503
log2c=9 log2g=-9 rate=82.4888
log2c=3 log2g=-9 rate=72.4851
log2c=15 log2g=-9 rate=84.0202
log2c=-5 log2g=-9 rate=73.3503
log2c=7 log2g=-9 rate=82.4514
log2c=1 log2g=-7 rate=73.3441
log2c=1 log2g=-1 rate=84.2318
log2c=1 log2g=-13 rate=73.3503
log2c=1 log2g=1 rate=86.3857
log2c=1 log2g=-11 rate=73.3503
log2c=1 log2g=-5 rate=82.5137
log2c=1 log2g=-15 rate=73.3503
log2c=1 log2g=3 rate=89.9091
log2c=1 log2g=-9 rate=72.3606
log2c=5 log2g=-3 rate=84.2505
log2c=-1 log2g=-3 rate=82.5261
log2c=11 log2g=-3 rate=85.4955
log2c=-3 log2g=-3 rate=82.0219
log2c=9 log2g=-3 rate=84.8294
log2c=3 log2g=-3 rate=83.6218
log2c=15 log2g=-3 rate=86.5351
log2c=-5 log2g=-3 rate=72.012
log2c=7 log2g=-3 rate=84.4435
log2c=1 log2g=-3 rate=82.7067
log2c=13 log2g=-7 rate=84.2007
log2c=13 log2g=-1 rate=88.8508
log2c=13 log2g=-13 rate=82.4888
log2c=13 log2g=1 rate=89.2866
log2c=13 log2g=-11 rate=82.5635
log2c=13 log2g=-5 rate=84.6302
log2c=13 log2g=-15 rate=82.4826
log2c=13 log2g=3 rate=89.4173
log2c=13 log2g=-9 rate=82.9868
log2c=13 log2g=-3 rate=85.9188
