log2c=5 log2g=-7 rate=82.465
log2c=-1 log2g=-7 rate=75.2505
log2c=5 log2g=-1 rate=86.1064
log2c=-1 log2g=-1 rate=83.9776
log2c=11 log2g=-7 rate=82.9443
log2c=11 log2g=-1 rate=87.5381
log2c=5 log2g=-13 rate=74.5783
log2c=-1 log2g=-13 rate=74.5969
log2c=11 log2g=-13 rate=82.2907
log2c=-3 log2g=-7 rate=74.6032
log2c=-3 log2g=-1 rate=82.9567
log2c=-3 log2g=-13 rate=74.5969
log2c=5 log2g=1 rate=87.7809
log2c=-1 log2g=1 rate=86.7227
log2c=11 log2g=1 rate=87.8058
log2c=-3 log2g=1 rate=85.0918
log2c=9 log2g=-7 rate=82.8385
log2c=9 log2g=-1 rate=87.5941
log2c=9 log2g=-13 rate=82.3218
log2c=9 log2g=1 rate=87.9241
log2c=5 log2g=-11 rate=82.2969
log2c=-1 log2g=-11 rate=74.5969
log2c=11 log2g=-11 rate=82.4152
log2c=-3 log2g=-11 rate=74.5969
log2c=9 log2g=-11 rate=82.2907
log2c=3 log2g=-7 rate=82.3654
log2c=3 log2g=-1 rate=85.5213
log2c=3 log2g=-13 rate=74.5969
log2c=3 log2g=1 rate=88.1855
log2c=3 log2g=-11 rate=74.5845
log2c=5 log2g=-5 rate=82.9069
log2c=-1 log2g=-5 rate=82.3592
log2c=11 log2g=-5 rate=84.5627
log2c=-3 log2g=-5 rate=76.4581
log2c=9 log2g=-5 rate=83.8593
log2c=3 log2g=-5 rate=82.5833
log2c=15 log2g=-7 rate=83.8095
log2c=15 log2g=-1 rate=87.1895
log2c=15 log2g=-13 rate=82.3592
log2c=15 log2g=1 rate=87.4448
log2c=15 log2g=-11 rate=82.5957
log2c=15 log2g=-5 rate=85.6271
log2c=5 log2g=-15 rate=74.5969
log2c=-1 log2g=-15 rate=74.5969
log2c=11 log2g=-15 rate=82.3467
log2c=-3 log2g=-15 rate=74.5969
log2c=9 log2g=-15 rate=82.3031
log2c=3 log2g=-15 rate=74.5969
log2c=15 log2g=-15 rate=82.2471
log2c=-5 log2g=-7 rate=74.5969
log2c=-5 log2g=-1 rate=82.8073
log2c=-5 log2g=-13 rate=74.5969
log2c=-5 log2g=1 rate=83.2431
log2c=-5 log2g=-11 rate=74.5969
log2c=-5 log2g=-5 rate=74.5969
log2c=-5 log2g=-15 rate=74.5969
log2c=5 log2g=3 rate=88.4158
log2c=-1 log2g=3 rate=87.9054
log2c=11 log2g=3 rate=88.1793
log2c=-3 log2g=3 rate=86.3368
log2c=9 log2g=3 rate=88.2477
log2c=3 log2g=3 rate=88.5901
log2c=15 log2g=3 rate=87.868
log2c=-5 log2g=3 rate=84.9424
log2c=7 log2g=-7 rate=82.521
log2c=7 log2g=-1 rate=87.0775
log2c=7 log2g=-13 rate=82.2907
log2c=7 log2g=1 rate=87.9054
log2c=7 log2g=-11 rate=82.3094
log2c=7 log2g=-5 rate=83.2057
log2c=7 log2g=-15 rate=74.5783
log2c=7 log2g=3 rate=88.2913
log2c=5 log2g=-9 rate=82.2969
log2c=-1 log2g=-9 rate=74.6032
log2c=11 log2g=-9 rate=82.4961
log2c=-3 log2g=-9 rate=74.5969
log2c=9 log2g=-9 rate=82.4276
log2c=3 log2g=-9 rate=82.2782
log2c=15 log2g=-9 rate=82.4339
log2c=-5 log2g=-9 rate=74.5969
log2c=7 log2g=-9 rate=82.3094
log2c=1 log2g=-7 rate=82.272
log2c=1 log2g=-1 rate=84.3946
log2c=1 log2g=-13 rate=74.5969
log2c=1 log2g=1 rate=87.5444
log2c=1 log2g=-11 rate=74.5969
log2c=1 log2g=-5 rate=82.4339
log2c=1 log2g=-15 rate=74.5969
log2c=1 log2g=3 rate=88.6088
log2c=1 log2g=-9 rate=74.5783
log2c=5 log2g=-3 rate=84.1768
log2c=-1 log2g=-3 rate=82.5957
log2c=11 log2g=-3 rate=85.3844
log2c=-3 log2g=-3 rate=82.4525
log2c=9 log2g=-3 rate=84.9237
log2c=3 log2g=-3 rate=83.5605
log2c=15 log2g=-3 rate=86.8161
log2c=-5 log2g=-3 rate=79.4024
log2c=7 log2g=-3 rate=84.7744
log2c=1 log2g=-3 rate=82.9879
log2c=13 log2g=-7 rate=83.6975
log2c=13 log2g=-1 rate=87.5195
log2c=13 log2g=-13 rate=82.4401
log2c=13 log2g=1 rate=87.5692
log2c=13 log2g=-11 rate=82.5086
log2c=13 log2g=-5 rate=84.5378
log2c=13 log2g=-15 rate=82.328
log2c=13 log2g=3 rate=88.0921
log2c=13 log2g=-9 rate=82.7451
log2c=13 log2g=-3 rate=86.1313
