log2c=5 log2g=-7 rate=83.6539
log2c=-1 log2g=-7 rate=80.7283
log2c=5 log2g=-1 rate=84.1083
log2c=-1 log2g=-1 rate=83.6477
log2c=11 log2g=-7 rate=84.0212
log2c=11 log2g=-1 rate=84.0772
log2c=5 log2g=-13 rate=80.6038
log2c=-1 log2g=-13 rate=74.5969
log2c=11 log2g=-13 rate=80.8652
log2c=-3 log2g=-7 rate=80.6038
log2c=-3 log2g=-1 rate=83.0065
log2c=-3 log2g=-13 rate=74.5969
log2c=5 log2g=1 rate=83.8531
log2c=-1 log2g=1 rate=83.8593
log2c=11 log2g=1 rate=83.8531
log2c=-3 log2g=1 rate=82.7015
log2c=9 log2g=-7 rate=83.9963
log2c=9 log2g=-1 rate=84.0772
log2c=9 log2g=-13 rate=80.6225
log2c=9 log2g=1 rate=83.8531
log2c=5 log2g=-11 rate=80.6038
log2c=-1 log2g=-11 rate=80.9524
log2c=11 log2g=-11 rate=83.131
log2c=-3 log2g=-11 rate=74.5969
log2c=9 log2g=-11 rate=82.3156
log2c=3 log2g=-7 rate=83.131
log2c=3 log2g=-1 rate=84.2888
log2c=3 log2g=-13 rate=80.6038
log2c=3 log2g=1 rate=83.8531
log2c=3 log2g=-11 rate=80.6038
log2c=5 log2g=-5 rate=83.9838
log2c=-1 log2g=-5 rate=83.0252
log2c=11 log2g=-5 rate=84.239
log2c=-3 log2g=-5 rate=81.7429
log2c=9 log2g=-5 rate=84.2702
log2c=3 log2g=-5 rate=83.8655
log2c=15 log2g=-7 rate=84.0896
log2c=15 log2g=-1 rate=84.0772
log2c=15 log2g=-13 rate=83.3053
log2c=15 log2g=1 rate=83.8531
log2c=15 log2g=-11 rate=83.8469
log2c=15 log2g=-5 rate=84.183
log2c=5 log2g=-15 rate=80.6038
log2c=-1 log2g=-15 rate=74.5969
log2c=11 log2g=-15 rate=80.6162
log2c=-3 log2g=-15 rate=74.5969
log2c=9 log2g=-15 rate=80.6038
log2c=3 log2g=-15 rate=80.9399
log2c=15 log2g=-15 rate=81.7989
log2c=-5 log2g=-7 rate=80.3922
log2c=-5 log2g=-1 rate=81.2698
log2c=-5 log2g=-13 rate=74.5969
log2c=-5 log2g=1 rate=80.2428
log2c=-5 log2g=-11 rate=74.5969
log2c=-5 log2g=-5 rate=80.7096
log2c=-5 log2g=-15 rate=74.5969
log2c=5 log2g=3 rate=83.8033
log2c=-1 log2g=3 rate=83.4858
log2c=11 log2g=3 rate=83.8033
log2c=-3 log2g=3 rate=82.4339
log2c=9 log2g=3 rate=83.8033
log2c=3 log2g=3 rate=83.8033
log2c=15 log2g=3 rate=83.8033
log2c=-5 log2g=3 rate=80.4046
log2c=7 log2g=-7 rate=83.9153
log2c=7 log2g=-1 rate=84.0834
log2c=7 log2g=-13 rate=80.6038
log2c=7 log2g=1 rate=83.8531
log2c=7 log2g=-11 rate=80.8715
log2c=7 log2g=-5 rate=84.0087
log2c=7 log2g=-15 rate=80.6038
log2c=7 log2g=3 rate=83.8033
log2c=5 log2g=-9 rate=82.3218
log2c=-1 log2g=-9 rate=80.6038
log2c=11 log2g=-9 rate=83.8904
log2c=-3 log2g=-9 rate=80.9773
log2c=9 log2g=-9 rate=83.7348
log2c=3 log2g=-9 rate=80.8901
log2c=15 log2g=-9 rate=83.9589
log2c=-5 log2g=-9 rate=74.5969
log2c=7 log2g=-9 rate=83.1186
log2c=1 log2g=-7 rate=82.2845
log2c=1 log2g=-1 rate=84.3324
log2c=1 log2g=-13 rate=80.9399
log2c=1 log2g=1 rate=83.9527
log2c=1 log2g=-11 rate=80.6038
log2c=1 log2g=-5 rate=83.3551
log2c=1 log2g=-15 rate=74.5969
log2c=1 log2g=3 rate=83.8033
log2c=1 log2g=-9 rate=80.6038
log2c=5 log2g=-3 rate=84.2951
log2c=-1 log2g=-3 rate=83.7162
log2c=11 log2g=-3 rate=84.0461
log2c=-3 log2g=-3 rate=83.1248
log2c=9 log2g=-3 rate=84.2141
log2c=3 log2g=-3 rate=84.2266
log2c=15 log2g=-3 rate=83.9216
log2c=-5 log2g=-3 rate=82.2782
log2c=7 log2g=-3 rate=84.3324
log2c=1 log2g=-3 rate=83.8718
log2c=13 log2g=-7 rate=83.9776
log2c=13 log2g=-1 rate=84.0772
log2c=13 log2g=-13 rate=82.3841
log2c=13 log2g=1 rate=83.8531
log2c=13 log2g=-11 rate=83.7535
log2c=13 log2g=-5 rate=84.1768
log2c=13 log2g=-15 rate=80.7656
log2c=13 log2g=3 rate=83.8033
log2c=13 log2g=-9 rate=83.9963
log2c=13 log2g=-3 rate=83.9651
