log2c=5 log2g=-7 rate=88.5901
log2c=-1 log2g=-7 rate=86.7974
log2c=5 log2g=-1 rate=88.6212
log2c=-1 log2g=-1 rate=88.9013
log2c=11 log2g=-7 rate=88.8951
log2c=11 log2g=-1 rate=88.5154
log2c=5 log2g=-13 rate=86.5173
log2c=-1 log2g=-13 rate=75.0078
log2c=11 log2g=-13 rate=87.6626
log2c=-3 log2g=-7 rate=85.5836
log2c=-3 log2g=-1 rate=88.6772
log2c=-3 log2g=-13 rate=74.5969
log2c=5 log2g=1 rate=88.0112
log2c=-1 log2g=1 rate=87.8058
log2c=11 log2g=1 rate=88.0112
log2c=-3 log2g=1 rate=86.6916
log2c=9 log2g=-7 rate=88.8889
log2c=9 log2g=-1 rate=88.5154
log2c=9 log2g=-13 rate=86.8223
log2c=9 log2g=1 rate=88.0112
log2c=5 log2g=-11 rate=86.8161
log2c=-1 log2g=-11 rate=85.7516
log2c=11 log2g=-11 rate=88.1917
log2c=-3 log2g=-11 rate=74.9331
log2c=9 log2g=-11 rate=87.7124
log2c=3 log2g=-7 rate=88.2228
log2c=3 log2g=-1 rate=89.0009
log2c=3 log2g=-13 rate=85.5462
log2c=3 log2g=1 rate=88.0112
log2c=3 log2g=-11 rate=86.511
log2c=5 log2g=-5 rate=88.9013
log2c=-1 log2g=-5 rate=88.1046
log2c=11 log2g=-5 rate=88.8204
log2c=-3 log2g=-5 rate=87.6128
log2c=9 log2g=-5 rate=88.864
log2c=3 log2g=-5 rate=88.7457
log2c=15 log2g=-7 rate=88.7457
log2c=15 log2g=-1 rate=88.5154
log2c=15 log2g=-13 rate=88.1979
log2c=15 log2g=1 rate=88.0112
log2c=15 log2g=-11 rate=88.7831
log2c=15 log2g=-5 rate=88.5901
log2c=5 log2g=-15 rate=85.5462
log2c=-1 log2g=-15 rate=74.5969
log2c=11 log2g=-15 rate=86.7787
log2c=-3 log2g=-15 rate=74.5969
log2c=9 log2g=-15 rate=86.7289
log2c=3 log2g=-15 rate=85.7392
log2c=15 log2g=-15 rate=87.0588
log2c=-5 log2g=-7 rate=85.7641
log2c=-5 log2g=-1 rate=87.3825
log2c=-5 log2g=-13 rate=74.5969
log2c=-5 log2g=1 rate=83.4983
log2c=-5 log2g=-11 rate=74.5969
log2c=-5 log2g=-5 rate=86.1189
log2c=-5 log2g=-15 rate=74.5969
log2c=5 log2g=3 rate=87.5692
log2c=-1 log2g=3 rate=87.065
log2c=11 log2g=3 rate=87.5692
log2c=-3 log2g=3 rate=85.4342
log2c=9 log2g=3 rate=87.5692
log2c=3 log2g=3 rate=87.5692
log2c=15 log2g=3 rate=87.5692
log2c=-5 log2g=3 rate=82.2098
log2c=7 log2g=-7 rate=88.7457
log2c=7 log2g=-1 rate=88.5154
log2c=7 log2g=-13 rate=86.7351
log2c=7 log2g=1 rate=88.0112
log2c=7 log2g=-11 rate=87.6626
log2c=7 log2g=-5 rate=88.9511
log2c=7 log2g=-15 rate=86.511
log2c=7 log2g=3 rate=87.5692
log2c=5 log2g=-9 rate=87.7124
log2c=-1 log2g=-9 rate=85.5462
log2c=11 log2g=-9 rate=88.7333
log2c=-3 log2g=-9 rate=85.7454
log2c=9 log2g=-9 rate=88.559
log2c=3 log2g=-9 rate=87.6377
log2c=15 log2g=-9 rate=88.8453
log2c=-5 log2g=-9 rate=74.8522
log2c=7 log2g=-9 rate=88.2042
log2c=1 log2g=-7 rate=87.6813
log2c=1 log2g=-1 rate=89.3308
log2c=1 log2g=-13 rate=85.7392
log2c=1 log2g=1 rate=88.1855
log2c=1 log2g=-11 rate=85.5462
log2c=1 log2g=-5 rate=88.5465
log2c=1 log2g=-15 rate=75.0078
log2c=1 log2g=3 rate=87.5692
log2c=1 log2g=-9 rate=86.5422
log2c=5 log2g=-3 rate=88.9138
log2c=-1 log2g=-3 rate=88.7768
log2c=11 log2g=-3 rate=88.5652
log2c=-3 log2g=-3 rate=88.4034
log2c=9 log2g=-3 rate=88.7146
log2c=3 log2g=-3 rate=88.9636
log2c=15 log2g=-3 rate=88.4345
log2c=-5 log2g=-3 rate=87.8431
log2c=7 log2g=-3 rate=89.0196
log2c=1 log2g=-3 rate=88.92
log2c=13 log2g=-7 rate=88.9013
log2c=13 log2g=-1 rate=88.5154
log2c=13 log2g=-13 rate=87.7311
log2c=13 log2g=1 rate=88.0112
log2c=13 log2g=-11 rate=88.6648
log2c=13 log2g=-5 rate=88.6461
log2c=13 log2g=-15 rate=87.5195
log2c=13 log2g=3 rate=87.5692
log2c=13 log2g=-9 rate=88.7955
log2c=13 log2g=-3 rate=88.4656
