log2c=5 log2g=-7 rate=82.4899
log2c=-1 log2g=-7 rate=76.4706
log2c=5 log2g=-1 rate=86.1749
log2c=-1 log2g=-1 rate=84.0585
log2c=11 log2g=-7 rate=82.9692
log2c=11 log2g=-1 rate=87.6066
log2c=5 log2g=-13 rate=76.066
log2c=-1 log2g=-13 rate=74.5969
log2c=11 log2g=-13 rate=82.4152
log2c=-3 log2g=-7 rate=74.6032
log2c=-3 log2g=-1 rate=83.0252
log2c=-3 log2g=-13 rate=74.5969
log2c=5 log2g=1 rate=88.005
log2c=-1 log2g=1 rate=86.76
log2c=11 log2g=1 rate=87.8618
log2c=-3 log2g=1 rate=85.1354
log2c=9 log2g=-7 rate=82.8696
log2c=9 log2g=-1 rate=87.6004
log2c=9 log2g=-13 rate=82.3778
log2c=9 log2g=1 rate=88.0921
log2c=5 log2g=-11 rate=82.3529
log2c=-1 log2g=-11 rate=74.5969
log2c=11 log2g=-11 rate=82.4525
log2c=-3 log2g=-11 rate=74.5969
log2c=9 log2g=-11 rate=82.4276
log2c=3 log2g=-7 rate=82.4152
log2c=3 log2g=-1 rate=85.596
log2c=3 log2g=-13 rate=74.6156
log2c=3 log2g=1 rate=88.2104
log2c=3 log2g=-11 rate=76.066
log2c=5 log2g=-5 rate=82.9194
log2c=-1 log2g=-5 rate=82.4401
log2c=11 log2g=-5 rate=84.2826
log2c=-3 log2g=-5 rate=76.564
log2c=9 log2g=-5 rate=83.8842
log2c=3 log2g=-5 rate=82.6455
log2c=15 log2g=-7 rate=83.9589
log2c=15 log2g=-1 rate=87.3825
log2c=15 log2g=-13 rate=82.328
log2c=15 log2g=1 rate=87.4572
log2c=15 log2g=-11 rate=82.658
log2c=15 log2g=-5 rate=85.1167
log2c=5 log2g=-15 rate=74.6156
log2c=-1 log2g=-15 rate=74.5969
log2c=11 log2g=-15 rate=82.4152
log2c=-3 log2g=-15 rate=74.5969
log2c=9 log2g=-15 rate=82.3218
log2c=3 log2g=-15 rate=74.5969
log2c=15 log2g=-15 rate=82.328
log2c=-5 log2g=-7 rate=74.5969
log2c=-5 log2g=-1 rate=82.826
log2c=-5 log2g=-13 rate=74.5969
log2c=-5 log2g=1 rate=83.2991
log2c=-5 log2g=-11 rate=74.5969
log2c=-5 log2g=-5 rate=74.5969
log2c=-5 log2g=-15 rate=74.5969
log2c=5 log2g=3 rate=88.5777
log2c=-1 log2g=3 rate=88.005
log2c=11 log2g=3 rate=88.1606
log2c=-3 log2g=3 rate=86.4426
log2c=9 log2g=3 rate=88.2913
log2c=3 log2g=3 rate=88.7021
log2c=15 log2g=3 rate=87.7871
log2c=-5 log2g=3 rate=85.0731
log2c=7 log2g=-7 rate=82.5957
log2c=7 log2g=-1 rate=87.0775
log2c=7 log2g=-13 rate=82.3405
log2c=7 log2g=1 rate=87.9676
log2c=7 log2g=-11 rate=82.3778
log2c=7 log2g=-5 rate=83.2493
log2c=7 log2g=-15 rate=75.6303
log2c=7 log2g=3 rate=88.422
log2c=5 log2g=-9 rate=82.3841
log2c=-1 log2g=-9 rate=74.6218
log2c=11 log2g=-9 rate=82.5397
log2c=-3 log2g=-9 rate=74.5969
log2c=9 log2g=-9 rate=82.4712
log2c=3 log2g=-9 rate=82.3529
log2c=15 log2g=-9 rate=82.5833
log2c=-5 log2g=-9 rate=74.5969
log2c=7 log2g=-9 rate=82.4463
log2c=1 log2g=-7 rate=82.4152
log2c=1 log2g=-1 rate=84.3511
log2c=1 log2g=-13 rate=74.5969
log2c=1 log2g=1 rate=87.5755
log2c=1 log2g=-11 rate=74.6156
log2c=1 log2g=-5 rate=82.577
log2c=1 log2g=-15 rate=74.5969
log2c=1 log2g=3 rate=88.7395
log2c=1 log2g=-9 rate=76.0722
log2c=5 log2g=-3 rate=84.2079
log2c=-1 log2g=-3 rate=82.6953
log2c=11 log2g=-3 rate=85.3719
log2c=-3 log2g=-3 rate=82.4899
log2c=9 log2g=-3 rate=85.1229
log2c=3 log2g=-3 rate=83.573
log2c=15 log2g=-3 rate=87.009
log2c=-5 log2g=-3 rate=79.4958
log2c=7 log2g=-3 rate=84.8179
log2c=1 log2g=-3 rate=83.1435
log2c=13 log2g=-7 rate=83.7908
log2c=13 log2g=-1 rate=87.7249
log2c=13 log2g=-13 rate=82.5521
log2c=13 log2g=1 rate=87.6564
log2c=13 log2g=-11 rate=82.5584
log2c=13 log2g=-5 rate=84.8117
log2c=13 log2g=-15 rate=82.4214
log2c=13 log2g=3 rate=87.9676
log2c=13 log2g=-9 rate=82.8322
log2c=13 log2g=-3 rate=86.2807
