log2c=5 log2g=-7 rate=81.6495
log2c=-1 log2g=-7 rate=73.5574
log2c=5 log2g=-1 rate=85.4466
log2c=-1 log2g=-1 rate=82.6268
log2c=11 log2g=-7 rate=81.8612
log2c=11 log2g=-1 rate=86.9592
log2c=5 log2g=-13 rate=73.5201
log2c=-1 log2g=-13 rate=74.5969
log2c=11 log2g=-13 rate=81.7305
log2c=-3 log2g=-7 rate=74.5969
log2c=-3 log2g=-1 rate=82.0604
log2c=-3 log2g=-13 rate=74.5969
log2c=5 log2g=1 rate=87.5257
log2c=-1 log2g=1 rate=86.094
log2c=11 log2g=1 rate=87.1895
log2c=-3 log2g=1 rate=84.7432
log2c=9 log2g=-7 rate=81.774
log2c=9 log2g=-1 rate=87.0899
log2c=9 log2g=-13 rate=81.7118
log2c=9 log2g=1 rate=87.5257
log2c=5 log2g=-11 rate=80.554
log2c=-1 log2g=-11 rate=74.5969
log2c=11 log2g=-11 rate=81.7118
log2c=-3 log2g=-11 rate=74.5969
log2c=9 log2g=-11 rate=81.6869
log2c=3 log2g=-7 rate=81.7305
log2c=3 log2g=-1 rate=84.9424
log2c=3 log2g=-13 rate=74.5969
log2c=3 log2g=1 rate=87.6066
log2c=3 log2g=-11 rate=73.5201
log2c=5 log2g=-5 rate=81.7305
log2c=-1 log2g=-5 rate=81.1578
log2c=11 log2g=-5 rate=83.38
log2c=-3 log2g=-5 rate=73.657
log2c=9 log2g=-5 rate=82.7824
log2c=3 log2g=-5 rate=81.7429
log2c=15 log2g=-7 rate=82.4837
log2c=15 log2g=-1 rate=86.9343
log2c=15 log2g=-13 rate=80.8777
log2c=15 log2g=1 rate=86.8036
log2c=15 log2g=-11 rate=81.2698
log2c=15 log2g=-5 rate=84.2328
log2c=5 log2g=-15 rate=74.5969
log2c=-1 log2g=-15 rate=74.5969
log2c=11 log2g=-15 rate=81.6869
log2c=-3 log2g=-15 rate=74.5969
log2c=9 log2g=-15 rate=80.5727
log2c=3 log2g=-15 rate=74.5969
log2c=15 log2g=-15 rate=81.5064
log2c=-5 log2g=-7 rate=74.5969
log2c=-5 log2g=-1 rate=82.1289
log2c=-5 log2g=-13 rate=74.5969
log2c=-5 log2g=1 rate=82.6829
log2c=-5 log2g=-11 rate=74.5969
log2c=-5 log2g=-5 rate=74.5969
log2c=-5 log2g=-15 rate=74.5969
log2c=5 log2g=3 rate=87.949
log2c=-1 log2g=3 rate=87.5195
log2c=11 log2g=3 rate=87.3203
log2c=-3 log2g=3 rate=86.0255
log2c=9 log2g=3 rate=87.5257
log2c=3 log2g=3 rate=88.1108
log2c=15 log2g=3 rate=86.9281
log2c=-5 log2g=3 rate=84.5814
log2c=7 log2g=-7 rate=81.7491
log2c=7 log2g=-1 rate=86.6667
log2c=7 log2g=-13 rate=80.5664
log2c=7 log2g=1 rate=87.4012
log2c=7 log2g=-11 rate=81.6993
log2c=7 log2g=-5 rate=81.9172
log2c=7 log2g=-15 rate=73.5263
log2c=7 log2g=3 rate=87.8494
log2c=5 log2g=-9 rate=81.7118
log2c=-1 log2g=-9 rate=74.5969
log2c=11 log2g=-9 rate=81.7367
log2c=-3 log2g=-9 rate=74.5969
log2c=9 log2g=-9 rate=81.6184
log2c=3 log2g=-9 rate=80.5789
log2c=15 log2g=-9 rate=81.5811
log2c=-5 log2g=-9 rate=74.5969
log2c=7 log2g=-9 rate=81.7305
log2c=1 log2g=-7 rate=80.6723
log2c=1 log2g=-1 rate=83.8157
log2c=1 log2g=-13 rate=74.5969
log2c=1 log2g=1 rate=87.1833
log2c=1 log2g=-11 rate=74.5969
log2c=1 log2g=-5 rate=81.7429
log2c=1 log2g=-15 rate=74.5969
log2c=1 log2g=3 rate=88.0361
log2c=1 log2g=-9 rate=73.5263
log2c=5 log2g=-3 rate=83.3115
log2c=-1 log2g=-3 rate=81.8425
log2c=11 log2g=-3 rate=84.6436
log2c=-3 log2g=-3 rate=81.6682
log2c=9 log2g=-3 rate=84.3946
log2c=3 log2g=-3 rate=82.16
log2c=15 log2g=-3 rate=86.5422
log2c=-5 log2g=-3 rate=74.9704
log2c=7 log2g=-3 rate=83.9651
log2c=1 log2g=-3 rate=81.8612
log2c=13 log2g=-7 rate=82.1662
log2c=13 log2g=-1 rate=87.1148
log2c=13 log2g=-13 rate=81.7305
log2c=13 log2g=1 rate=86.897
log2c=13 log2g=-11 rate=81.6807
log2c=13 log2g=-5 rate=83.9527
log2c=13 log2g=-15 rate=81.6309
log2c=13 log2g=3 rate=87.2705
log2c=13 log2g=-9 rate=81.7118
log2c=13 log2g=-3 rate=85.7018
