log2c=5 log2g=-7 rate=88.4096
log2c=-1 log2g=-7 rate=86.4613
log2c=5 log2g=-1 rate=88.5465
log2c=-1 log2g=-1 rate=88.7084
log2c=11 log2g=-7 rate=88.7021
log2c=11 log2g=-1 rate=88.4158
log2c=5 log2g=-13 rate=86.1376
log2c=-1 log2g=-13 rate=74.7899
log2c=11 log2g=-13 rate=87.4074
log2c=-3 log2g=-7 rate=85.3657
log2c=-3 log2g=-1 rate=88.3598
log2c=-3 log2g=-13 rate=74.5969
log2c=5 log2g=1 rate=87.8369
log2c=-1 log2g=1 rate=87.756
log2c=11 log2g=1 rate=87.8369
log2c=-3 log2g=1 rate=86.5484
log2c=9 log2g=-7 rate=88.6586
log2c=9 log2g=-1 rate=88.4158
log2c=9 log2g=-13 rate=86.7351
log2c=9 log2g=1 rate=87.8369
log2c=5 log2g=-11 rate=86.4675
log2c=-1 log2g=-11 rate=85.5026
log2c=11 log2g=-11 rate=87.9925
log2c=-3 log2g=-11 rate=74.7899
log2c=9 log2g=-11 rate=87.4759
log2c=3 log2g=-7 rate=88.005
log2c=3 log2g=-1 rate=88.9138
log2c=3 log2g=-13 rate=85.291
log2c=3 log2g=1 rate=87.8369
log2c=3 log2g=-11 rate=86.1562
log2c=5 log2g=-5 rate=88.6772
log2c=-1 log2g=-5 rate=87.8992
log2c=11 log2g=-5 rate=88.7208
log2c=-3 log2g=-5 rate=87.3576
log2c=9 log2g=-5 rate=88.6835
log2c=3 log2g=-5 rate=88.6461
log2c=15 log2g=-7 rate=88.6399
log2c=15 log2g=-1 rate=88.4158
log2c=15 log2g=-13 rate=88.0361
log2c=15 log2g=1 rate=87.8369
log2c=15 log2g=-11 rate=88.6026
log2c=15 log2g=-5 rate=88.4905
log2c=5 log2g=-15 rate=85.291
log2c=-1 log2g=-15 rate=74.5969
log2c=11 log2g=-15 rate=86.5048
log2c=-3 log2g=-15 rate=74.5969
log2c=9 log2g=-15 rate=86.4052
log2c=3 log2g=-15 rate=85.5089
log2c=15 log2g=-15 rate=86.8534
log2c=-5 log2g=-7 rate=85.5524
log2c=-5 log2g=-1 rate=87.202
log2c=-5 log2g=-13 rate=74.5969
log2c=-5 log2g=1 rate=83.1622
log2c=-5 log2g=-11 rate=74.5969
log2c=-5 log2g=-5 rate=85.845
log2c=-5 log2g=-15 rate=74.5969
log2c=5 log2g=3 rate=87.4012
log2c=-1 log2g=3 rate=86.8783
log2c=11 log2g=3 rate=87.4012
log2c=-3 log2g=3 rate=85.291
log2c=9 log2g=3 rate=87.4012
log2c=3 log2g=3 rate=87.4012
log2c=15 log2g=3 rate=87.4012
log2c=-5 log2g=3 rate=82.1475
log2c=7 log2g=-7 rate=88.6275
log2c=7 log2g=-1 rate=88.4158
log2c=7 log2g=-13 rate=86.4052
log2c=7 log2g=1 rate=87.8369
log2c=7 log2g=-11 rate=87.3514
log2c=7 log2g=-5 rate=88.7768
log2c=7 log2g=-15 rate=86.1376
log2c=7 log2g=3 rate=87.4012
log2c=5 log2g=-9 rate=87.4572
log2c=-1 log2g=-9 rate=85.3221
log2c=11 log2g=-9 rate=88.6586
log2c=-3 log2g=-9 rate=85.5026
log2c=9 log2g=-9 rate=88.4034
log2c=3 log2g=-9 rate=87.3265
log2c=15 log2g=-9 rate=88.6648
log2c=-5 log2g=-9 rate=74.709
log2c=7 log2g=-9 rate=87.9863
log2c=1 log2g=-7 rate=87.4199
log2c=1 log2g=-1 rate=89.1752
log2c=1 log2g=-13 rate=85.5026
log2c=1 log2g=1 rate=87.9988
log2c=1 log2g=-11 rate=85.2972
log2c=1 log2g=-5 rate=88.3162
log2c=1 log2g=-15 rate=74.8024
log2c=1 log2g=3 rate=87.4012
log2c=1 log2g=-9 rate=86.1749
log2c=5 log2g=-3 rate=88.7333
log2c=-1 log2g=-3 rate=88.6212
log2c=11 log2g=-3 rate=88.366
log2c=-3 log2g=-3 rate=88.173
log2c=9 log2g=-3 rate=88.615
log2c=3 log2g=-3 rate=88.8453
log2c=15 log2g=-3 rate=88.1917
log2c=-5 log2g=-3 rate=87.6128
log2c=7 log2g=-3 rate=88.8764
log2c=1 log2g=-3 rate=88.7395
log2c=13 log2g=-7 rate=88.7208
log2c=13 log2g=-1 rate=88.4158
log2c=13 log2g=-13 rate=87.4946
log2c=13 log2g=1 rate=87.8369
log2c=13 log2g=-11 rate=88.5403
log2c=13 log2g=-5 rate=88.5714
log2c=13 log2g=-15 rate=87.0526
log2c=13 log2g=3 rate=87.4012
log2c=13 log2g=-9 rate=88.671
log2c=13 log2g=-3 rate=88.2166
