log2c=5 log2g=-7 rate=83.4111
log2c=-1 log2g=-7 rate=80.4855
log2c=5 log2g=-1 rate=84.0398
log2c=-1 log2g=-1 rate=83.3676
log2c=11 log2g=-7 rate=83.685
log2c=11 log2g=-1 rate=84.0149
log2c=5 log2g=-13 rate=80.4544
log2c=-1 log2g=-13 rate=74.5969
log2c=11 log2g=-13 rate=80.6225
log2c=-3 log2g=-7 rate=80.4544
log2c=-3 log2g=-1 rate=82.5895
log2c=-3 log2g=-13 rate=74.5969
log2c=5 log2g=1 rate=83.878
log2c=-1 log2g=1 rate=83.7597
log2c=11 log2g=1 rate=83.878
log2c=-3 log2g=1 rate=82.3156
log2c=9 log2g=-7 rate=83.7535
log2c=9 log2g=-1 rate=84.0212
log2c=9 log2g=-13 rate=80.4731
log2c=9 log2g=1 rate=83.878
log2c=5 log2g=-11 rate=80.4544
log2c=-1 log2g=-11 rate=80.7034
log2c=11 log2g=-11 rate=82.7451
log2c=-3 log2g=-11 rate=74.5969
log2c=9 log2g=-11 rate=81.9359
log2c=3 log2g=-7 rate=82.7264
log2c=3 log2g=-1 rate=84.2764
log2c=3 log2g=-13 rate=80.4544
log2c=3 log2g=1 rate=83.878
log2c=3 log2g=-11 rate=80.4544
log2c=5 log2g=-5 rate=83.7784
log2c=-1 log2g=-5 rate=82.6829
log2c=11 log2g=-5 rate=84.1145
log2c=-3 log2g=-5 rate=81.1578
log2c=9 log2g=-5 rate=83.9465
log2c=3 log2g=-5 rate=83.6788
log2c=15 log2g=-7 rate=83.9029
log2c=15 log2g=-1 rate=84.0212
log2c=15 log2g=-13 rate=82.9256
log2c=15 log2g=1 rate=83.878
log2c=15 log2g=-11 rate=83.6352
log2c=15 log2g=-5 rate=84.2328
log2c=5 log2g=-15 rate=80.4544
log2c=-1 log2g=-15 rate=74.5969
log2c=11 log2g=-15 rate=80.5167
log2c=-3 log2g=-15 rate=74.5969
log2c=9 log2g=-15 rate=80.4544
log2c=3 log2g=-15 rate=80.7034
log2c=15 log2g=-15 rate=81.3943
log2c=-5 log2g=-7 rate=80.3486
log2c=-5 log2g=-1 rate=80.9773
log2c=-5 log2g=-13 rate=74.5969
log2c=-5 log2g=1 rate=80.3548
log2c=-5 log2g=-11 rate=74.5969
log2c=-5 log2g=-5 rate=80.4855
log2c=-5 log2g=-15 rate=74.5969
log2c=5 log2g=3 rate=83.7846
log2c=-1 log2g=3 rate=83.4423
log2c=11 log2g=3 rate=83.7846
log2c=-3 log2g=3 rate=82.3218
log2c=9 log2g=3 rate=83.7846
log2c=3 log2g=3 rate=83.7846
log2c=15 log2g=3 rate=83.7846
log2c=-5 log2g=3 rate=80.3673
log2c=7 log2g=-7 rate=83.7037
log2c=7 log2g=-1 rate=84.0212
log2c=7 log2g=-13 rate=80.4544
log2c=7 log2g=1 rate=83.878
log2c=7 log2g=-11 rate=80.6411
log2c=7 log2g=-5 rate=83.7784
log2c=7 log2g=-15 rate=80.4544
log2c=7 log2g=3 rate=83.7846
log2c=5 log2g=-9 rate=81.8238
log2c=-1 log2g=-9 rate=80.4544
log2c=11 log2g=-9 rate=83.685
log2c=-3 log2g=-9 rate=80.7221
log2c=9 log2g=-9 rate=83.4485
log2c=3 log2g=-9 rate=80.61
log2c=15 log2g=-9 rate=83.6975
log2c=-5 log2g=-9 rate=74.5969
log2c=7 log2g=-9 rate=82.7326
log2c=1 log2g=-7 rate=81.4504
log2c=1 log2g=-1 rate=84.1457
log2c=1 log2g=-13 rate=80.7034
log2c=1 log2g=1 rate=83.9153
log2c=1 log2g=-11 rate=80.4544
log2c=1 log2g=-5 rate=82.9816
log2c=1 log2g=-15 rate=74.5969
log2c=1 log2g=3 rate=83.7846
log2c=1 log2g=-9 rate=80.4544
log2c=5 log2g=-3 rate=84.1332
log2c=-1 log2g=-3 rate=83.4298
log2c=11 log2g=-3 rate=83.9589
log2c=-3 log2g=-3 rate=82.77
log2c=9 log2g=-3 rate=84.2888
log2c=3 log2g=-3 rate=83.8842
log2c=15 log2g=-3 rate=83.8904
log2c=-5 log2g=-3 rate=81.9919
log2c=7 log2g=-3 rate=84.3262
log2c=1 log2g=-3 rate=83.5543
log2c=13 log2g=-7 rate=83.6913
log2c=13 log2g=-1 rate=84.0212
log2c=13 log2g=-13 rate=82.0853
log2c=13 log2g=1 rate=83.878
log2c=13 log2g=-11 rate=83.4796
log2c=13 log2g=-5 rate=84.2266
log2c=13 log2g=-15 rate=80.5727
log2c=13 log2g=3 rate=83.7846
log2c=13 log2g=-9 rate=83.7597
log2c=13 log2g=-3 rate=83.8967
