log2c=5 log2g=-7 rate=88.4096
log2c=-1 log2g=-7 rate=86.5795
log2c=5 log2g=-1 rate=88.6026
log2c=-1 log2g=-1 rate=88.7893
log2c=11 log2g=-7 rate=88.7955
log2c=11 log2g=-1 rate=88.4718
log2c=5 log2g=-13 rate=86.3554
log2c=-1 log2g=-13 rate=74.8522
log2c=11 log2g=-13 rate=87.4759
log2c=-3 log2g=-7 rate=85.4155
log2c=-3 log2g=-1 rate=88.5403
log2c=-3 log2g=-13 rate=74.5969
log2c=5 log2g=1 rate=87.9303
log2c=-1 log2g=1 rate=87.6004
log2c=11 log2g=1 rate=87.9303
log2c=-3 log2g=1 rate=86.5733
log2c=9 log2g=-7 rate=88.727
log2c=9 log2g=-1 rate=88.4718
log2c=9 log2g=-13 rate=86.7912
log2c=9 log2g=1 rate=87.9303
log2c=5 log2g=-11 rate=86.6231
log2c=-1 log2g=-11 rate=85.5836
log2c=11 log2g=-11 rate=88.0486
log2c=-3 log2g=-11 rate=74.8522
log2c=9 log2g=-11 rate=87.5506
log2c=3 log2g=-7 rate=88.0548
log2c=3 log2g=-1 rate=88.8453
log2c=3 log2g=-13 rate=85.3657
log2c=3 log2g=1 rate=87.9303
log2c=3 log2g=-11 rate=86.3492
log2c=5 log2g=-5 rate=88.7519
log2c=-1 log2g=-5 rate=87.9801
log2c=11 log2g=-5 rate=88.6088
log2c=-3 log2g=-5 rate=87.4634
log2c=9 log2g=-5 rate=88.7706
log2c=3 log2g=-5 rate=88.5777
log2c=15 log2g=-7 rate=88.6461
log2c=15 log2g=-1 rate=88.4718
log2c=15 log2g=-13 rate=88.1295
log2c=15 log2g=1 rate=87.9303
log2c=15 log2g=-11 rate=88.671
log2c=15 log2g=-5 rate=88.4407
log2c=5 log2g=-15 rate=85.3657
log2c=-1 log2g=-15 rate=74.5969
log2c=11 log2g=-15 rate=86.6293
log2c=-3 log2g=-15 rate=74.5969
log2c=9 log2g=-15 rate=86.5733
log2c=3 log2g=-15 rate=85.5773
log2c=15 log2g=-15 rate=86.9592
log2c=-5 log2g=-7 rate=85.6085
log2c=-5 log2g=-1 rate=87.2269
log2c=-5 log2g=-13 rate=74.5969
log2c=-5 log2g=1 rate=83.324
log2c=-5 log2g=-11 rate=74.5969
log2c=-5 log2g=-5 rate=85.9259
log2c=-5 log2g=-15 rate=74.5969
log2c=5 log2g=3 rate=87.4759
log2c=-1 log2g=3 rate=86.8783
log2c=11 log2g=3 rate=87.4759
log2c=-3 log2g=3 rate=85.1852
log2c=9 log2g=3 rate=87.4759
log2c=3 log2g=3 rate=87.4759
log2c=15 log2g=3 rate=87.4759
log2c=-5 log2g=3 rate=82.0977
log2c=7 log2g=-7 rate=88.5839
log2c=7 log2g=-1 rate=88.503
log2c=7 log2g=-13 rate=86.5857
log2c=7 log2g=1 rate=87.9303
log2c=7 log2g=-11 rate=87.4697
log2c=7 log2g=-5 rate=88.8017
log2c=7 log2g=-15 rate=86.343
log2c=7 log2g=3 rate=87.4759
log2c=5 log2g=-9 rate=87.5319
log2c=-1 log2g=-9 rate=85.3906
log2c=11 log2g=-9 rate=88.5714
log2c=-3 log2g=-9 rate=85.5898
log2c=9 log2g=-9 rate=88.4781
log2c=3 log2g=-9 rate=87.4883
log2c=15 log2g=-9 rate=88.7146
log2c=-5 log2g=-9 rate=74.7712
log2c=7 log2g=-9 rate=88.0423
log2c=1 log2g=-7 rate=87.5008
log2c=1 log2g=-1 rate=89.1503
log2c=1 log2g=-13 rate=85.5773
log2c=1 log2g=1 rate=88.0735
log2c=1 log2g=-11 rate=85.3844
log2c=1 log2g=-5 rate=88.366
log2c=1 log2g=-15 rate=74.8522
log2c=1 log2g=3 rate=87.4759
log2c=1 log2g=-9 rate=86.3679
log2c=5 log2g=-3 rate=88.8764
log2c=-1 log2g=-3 rate=88.6212
log2c=11 log2g=-3 rate=88.3536
log2c=-3 log2g=-3 rate=88.1855
log2c=9 log2g=-3 rate=88.4781
log2c=3 log2g=-3 rate=88.8702
log2c=15 log2g=-3 rate=88.3162
log2c=-5 log2g=-3 rate=87.6875
log2c=7 log2g=-3 rate=88.8453
log2c=1 log2g=-3 rate=88.8017
log2c=13 log2g=-7 rate=88.7582
log2c=13 log2g=-1 rate=88.4718
log2c=13 log2g=-13 rate=87.5692
log2c=13 log2g=1 rate=87.9303
log2c=13 log2g=-11 rate=88.5216
log2c=13 log2g=-5 rate=88.4407
log2c=13 log2g=-15 rate=87.3265
log2c=13 log2g=3 rate=87.4759
log2c=13 log2g=-9 rate=88.7706
log2c=13 log2g=-3 rate=88.2913
