log2c=5 log2g=-7 rate=82.328
log2c=-1 log2g=-7 rate=74.5472
log2c=5 log2g=-1 rate=86.0131
log2c=-1 log2g=-1 rate=83.9029
log2c=11 log2g=-7 rate=83.0999
log2c=11 log2g=-1 rate=87.4634
log2c=5 log2g=-13 rate=74.5534
log2c=-1 log2g=-13 rate=74.5969
log2c=11 log2g=-13 rate=82.2035
log2c=-3 log2g=-7 rate=74.6032
log2c=-3 log2g=-1 rate=82.8571
log2c=-3 log2g=-13 rate=74.5969
log2c=5 log2g=1 rate=87.7498
log2c=-1 log2g=1 rate=86.6604
log2c=11 log2g=1 rate=87.756
log2c=-3 log2g=1 rate=85.0171
log2c=9 log2g=-7 rate=82.6829
log2c=9 log2g=-1 rate=87.4759
log2c=9 log2g=-13 rate=82.216
log2c=9 log2g=1 rate=87.8307
log2c=5 log2g=-11 rate=81.8985
log2c=-1 log2g=-11 rate=74.5969
log2c=11 log2g=-11 rate=82.216
log2c=-3 log2g=-11 rate=74.5969
log2c=9 log2g=-11 rate=82.1849
log2c=3 log2g=-7 rate=82.2409
log2c=3 log2g=-1 rate=85.4715
log2c=3 log2g=-13 rate=74.6032
log2c=3 log2g=1 rate=88.1046
log2c=3 log2g=-11 rate=74.5472
log2c=5 log2g=-5 rate=82.7824
log2c=-1 log2g=-5 rate=82.1413
log2c=11 log2g=-5 rate=84.4569
log2c=-3 log2g=-5 rate=76.3025
log2c=9 log2g=-5 rate=83.8655
log2c=3 log2g=-5 rate=82.4899
log2c=15 log2g=-7 rate=83.6539
log2c=15 log2g=-1 rate=87.1709
log2c=15 log2g=-13 rate=82.2347
log2c=15 log2g=1 rate=87.2518
log2c=15 log2g=-11 rate=82.521
log2c=15 log2g=-5 rate=85.5773
log2c=5 log2g=-15 rate=74.6032
log2c=-1 log2g=-15 rate=74.5969
log2c=11 log2g=-15 rate=82.2347
log2c=-3 log2g=-15 rate=74.5969
log2c=9 log2g=-15 rate=81.9608
log2c=3 log2g=-15 rate=74.5969
log2c=15 log2g=-15 rate=82.1538
log2c=-5 log2g=-7 rate=74.5969
log2c=-5 log2g=-1 rate=82.7077
log2c=-5 log2g=-13 rate=74.5969
log2c=-5 log2g=1 rate=83.1559
log2c=-5 log2g=-11 rate=74.5969
log2c=-5 log2g=-5 rate=74.5969
log2c=-5 log2g=-15 rate=74.5969
log2c=5 log2g=3 rate=88.366
log2c=-1 log2g=3 rate=87.8618
log2c=11 log2g=3 rate=88.0423
log2c=-3 log2g=3 rate=86.3056
log2c=9 log2g=3 rate=88.1793
log2c=3 log2g=3 rate=88.5341
log2c=15 log2g=3 rate=87.6626
log2c=-5 log2g=3 rate=84.8864
log2c=7 log2g=-7 rate=82.4401
log2c=7 log2g=-1 rate=87.0028
log2c=7 log2g=-13 rate=81.8799
log2c=7 log2g=1 rate=87.9178
log2c=7 log2g=-11 rate=82.2222
log2c=7 log2g=-5 rate=83.3676
log2c=7 log2g=-15 rate=74.5534
log2c=7 log2g=3 rate=88.2104
log2c=5 log2g=-9 rate=82.2222
log2c=-1 log2g=-9 rate=74.6032
log2c=11 log2g=-9 rate=82.4027
log2c=-3 log2g=-9 rate=74.5969
log2c=9 log2g=-9 rate=82.3716
log2c=3 log2g=-9 rate=81.9048
log2c=15 log2g=-9 rate=82.3529
log2c=-5 log2g=-9 rate=74.5969
log2c=7 log2g=-9 rate=82.216
log2c=1 log2g=-7 rate=82.0355
log2c=1 log2g=-1 rate=84.3946
log2c=1 log2g=-13 rate=74.5969
log2c=1 log2g=1 rate=87.4448
log2c=1 log2g=-11 rate=74.6032
log2c=1 log2g=-5 rate=82.3841
log2c=1 log2g=-15 rate=74.5969
log2c=1 log2g=3 rate=88.5839
log2c=1 log2g=-9 rate=74.5534
log2c=5 log2g=-3 rate=84.1145
log2c=-1 log2g=-3 rate=82.5086
log2c=11 log2g=-3 rate=85.4777
log2c=-3 log2g=-3 rate=82.4027
log2c=9 log2g=-3 rate=84.9362
log2c=3 log2g=-3 rate=83.5232
log2c=15 log2g=-3 rate=86.7289
log2c=-5 log2g=-3 rate=79.2655
log2c=7 log2g=-3 rate=84.6997
log2c=1 log2g=-3 rate=82.8883
log2c=13 log2g=-7 rate=83.5792
log2c=13 log2g=-1 rate=87.4448
log2c=13 log2g=-13 rate=82.3031
log2c=13 log2g=1 rate=87.5195
log2c=13 log2g=-11 rate=82.4027
log2c=13 log2g=-5 rate=84.6561
log2c=13 log2g=-15 rate=82.216
log2c=13 log2g=3 rate=87.9552
log2c=13 log2g=-9 rate=82.6642
log2c=13 log2g=-3 rate=86.0006
